Archive member included to satisfy reference by file (symbol)

.pio\build\teensy41\lib557\libTeensyThreads.a(TeensyThreads.cpp.o)
                              .pio\build\teensy41\src\main.cpp.o (Threads::addThread(void (*)(void*), void*, int, void*))
.pio\build\teensy41\lib557\libTeensyThreads.a(TeensyThreads-asm.S.o)
                              .pio\build\teensy41\lib557\libTeensyThreads.a(TeensyThreads.cpp.o) (context_switch_direct)
.pio\build\teensy41\lib598\libSdFat.a(ExFatFile.cpp.o)
                              .pio\build\teensy41\src\xml.cpp.o (ExFatFile::getCreateDateTime(unsigned short*, unsigned short*))
.pio\build\teensy41\lib598\libSdFat.a(ExFatFileWrite.cpp.o)
                              .pio\build\teensy41\lib598\libSdFat.a(ExFatFile.cpp.o) (ExFatFile::remove())
.pio\build\teensy41\lib598\libSdFat.a(ExFatName.cpp.o)
                              .pio\build\teensy41\lib598\libSdFat.a(ExFatFile.cpp.o) (ExFatFile::cmpName(DirName_t const*, ExName_t*))
.pio\build\teensy41\lib598\libSdFat.a(ExFatPartition.cpp.o)
                              .pio\build\teensy41\lib598\libSdFat.a(ExFatFileWrite.cpp.o) (ExFatPartition::bitmapFind(unsigned long, unsigned long))
.pio\build\teensy41\lib598\libSdFat.a(ExFatVolume.cpp.o)
                              .pio\build\teensy41\lib598\libSdFat.a(ExFatFile.cpp.o) (ExFatVolume::m_cwv)
.pio\build\teensy41\lib598\libSdFat.a(FatFile.cpp.o)
                              .pio\build\teensy41\src\xml.cpp.o (FatFile::getCreateDateTime(unsigned short*, unsigned short*))
.pio\build\teensy41\lib598\libSdFat.a(FatFileLFN.cpp.o)
                              .pio\build\teensy41\lib598\libSdFat.a(FatFile.cpp.o) (FatFile::open(FatFile*, FatLfn_t*, int))
.pio\build\teensy41\lib598\libSdFat.a(FatName.cpp.o)
                              .pio\build\teensy41\lib598\libSdFat.a(FatFileLFN.cpp.o) (FatFile::getLfnChar(DirLfn_t*, unsigned char))
.pio\build\teensy41\lib598\libSdFat.a(FatPartition.cpp.o)
                              .pio\build\teensy41\lib598\libSdFat.a(FatFile.cpp.o) (FatPartition::allocateCluster(unsigned long, unsigned long*))
.pio\build\teensy41\lib598\libSdFat.a(FatVolume.cpp.o)
                              .pio\build\teensy41\lib598\libSdFat.a(FatFile.cpp.o) (FatVolume::m_cwv)
.pio\build\teensy41\lib598\libSdFat.a(FsFile.cpp.o)
                              .pio\build\teensy41\src\xml.cpp.o (FsBaseFile::FsBaseFile(FsBaseFile const&))
.pio\build\teensy41\lib598\libSdFat.a(FsNew.cpp.o)
                              .pio\build\teensy41\lib598\libSdFat.a(FsFile.cpp.o) (operator new(unsigned int, unsigned long*))
.pio\build\teensy41\lib598\libSdFat.a(FsVolume.cpp.o)
                              .pio\build\teensy41\src\xml.cpp.o (FsVolume::open(char const*, int))
.pio\build\teensy41\lib598\libSdFat.a(FsCache.cpp.o)
                              .pio\build\teensy41\lib598\libSdFat.a(ExFatFile.cpp.o) (FsCache::sync())
.pio\build\teensy41\lib598\libSdFat.a(FsDateTime.cpp.o)
                              .pio\build\teensy41\lib598\libSdFat.a(ExFatFile.cpp.o) (FsDateTime::callback)
.pio\build\teensy41\lib598\libSdFat.a(FsName.cpp.o)
                              .pio\build\teensy41\lib598\libSdFat.a(ExFatFile.cpp.o) (FsName::get16())
.pio\build\teensy41\lib598\libSdFat.a(FsUtf.cpp.o)
                              .pio\build\teensy41\lib598\libSdFat.a(ExFatName.cpp.o) (FsUtf::cpToMb(unsigned long, char*, char*))
.pio\build\teensy41\lib598\libSdFat.a(upcase.cpp.o)
                              .pio\build\teensy41\lib598\libSdFat.a(ExFatName.cpp.o) (toUpcase(unsigned short))
.pio\build\teensy41\lib598\libSdFat.a(ExFatFilePrint.cpp.o)
                              .pio\build\teensy41\lib598\libSdFat.a(FsVolume.cpp.o) (ExFatFile::ls(Print*, unsigned char, unsigned char))
.pio\build\teensy41\lib598\libSdFat.a(FatFilePrint.cpp.o)
                              .pio\build\teensy41\lib598\libSdFat.a(FsVolume.cpp.o) (FatFile::ls(Print*, unsigned char, unsigned char))
.pio\build\teensy41\lib598\libSdFat.a(FmtNumber.cpp.o)
                              .pio\build\teensy41\lib598\libSdFat.a(FsDateTime.cpp.o) (fmtBase10(char*, unsigned short))
.pio\build\teensy41\lib4c5\libSD.a(SD.cpp.o)
                              .pio\build\teensy41\src\main.cpp.o (SDClass::begin(unsigned char))
.pio\build\teensy41\lib088\libAudio.a(analyze_peak.cpp.o)
                              .pio\build\teensy41\src\AudioProcessor.cpp.o (vtable for AudioAnalyzePeak)
.pio\build\teensy41\lib088\libAudio.a(analyze_rms.cpp.o)
                              .pio\build\teensy41\src\AudioProcessor.cpp.o (AudioAnalyzeRMS::read())
.pio\build\teensy41\lib088\libAudio.a(control_sgtl5000.cpp.o)
                              .pio\build\teensy41\src\AudioProcessor.cpp.o (AudioControlSGTL5000::write(unsigned int, unsigned int))
.pio\build\teensy41\lib088\libAudio.a(input_i2s.cpp.o)
                              .pio\build\teensy41\src\AudioProcessor.cpp.o (AudioInputI2S::begin())
[...]
Memory Configuration

Name             Origin             Length             Attributes
ITCM             0x00000000         0x00080000         xrw
DTCM             0x20000000         0x00080000         xrw
RAM              0x20200000         0x00080000         xrw
FLASH            0x60000000         0x007c0000         xrw
ERAM             0x70000000         0x01000000         xrw
*default*        0x00000000         0xffffffff

Linker script and memory map

LOAD c:/users/alexy/.platformio/packages/toolchain-gccarmnoneeabi-teensy/bin/../lib/gcc/arm-none-eabi/11.3.1/thumb/v7e-m+dp/hard/crti.o
LOAD c:/users/alexy/.platformio/packages/toolchain-gccarmnoneeabi-teensy/bin/../lib/gcc/arm-none-eabi/11.3.1/thumb/v7e-m+dp/hard/crtbegin.o
LOAD c:/users/alexy/.platformio/packages/toolchain-gccarmnoneeabi-teensy/bin/../lib/gcc/arm-none-eabi/11.3.1/thumb/v7e-m+dp/hard/crt0.o
                0x6859630e                __rtc_localtime = 0x6859630e
LOAD .pio\build\teensy41\lib285\FastLED\FastLED.cpp.o
LOAD .pio\build\teensy41\lib285\FastLED\bitswap.cpp.o
LOAD .pio\build\teensy41\lib285\FastLED\colorpalettes.cpp.o
LOAD .pio\build\teensy41\lib285\FastLED\colorutils.cpp.o
LOAD .pio\build\teensy41\lib285\FastLED\hsv2rgb.cpp.o
LOAD .pio\build\teensy41\lib285\FastLED\lib8tion.cpp.o
LOAD .pio\build\teensy41\lib285\FastLED\noise.cpp.o
LOAD .pio\build\teensy41\lib285\FastLED\platforms.cpp.o
LOAD .pio\build\teensy41\lib285\FastLED\platforms\esp\32\clockless_rmt_esp32.cpp.o
LOAD .pio\build\teensy41\lib285\FastLED\power_mgt.cpp.o
LOAD .pio\build\teensy41\lib285\FastLED\wiring.cpp.o
LOAD .pio\build\teensy41\src\AudioProcessor.cpp.o
LOAD .pio\build\teensy41\src\DisplayManager.cpp.o
LOAD .pio\build\teensy41\src\LedController.cpp.o
LOAD .pio\build\teensy41\src\UI.cpp.o
LOAD .pio\build\teensy41\src\globals.cpp.o
LOAD .pio\build\teensy41\src\main.cpp.o
LOAD .pio\build\teensy41\src\xml.cpp.o
START GROUP
LOAD .pio\build\teensy41\lib557\libTeensyThreads.a
LOAD .pio\build\teensy41\libf9f\libSPI.a
LOAD .pio\build\teensy41\lib547\libSerialFlash.a
LOAD .pio\build\teensy41\libc2e\libWire.a
LOAD .pio\build\teensy41\lib598\libSdFat.a
LOAD .pio\build\teensy41\lib4c5\libSD.a
LOAD .pio\build\teensy41\lib088\libAudio.a
LOAD .pio\build\teensy41\lib2e2\libDmxSimple.a
LOAD .pio\build\teensy41\libdc2\libSoftwareSerial.a
LOAD .pio\build\teensy41\lib0ea\libILI9341_T4.a
LOAD .pio\build\teensy41\libd73\libTouchScreen.a
LOAD .pio\build\teensy41\libFrameworkArduino.a
LOAD c:/users/alexy/.platformio/packages/toolchain-gccarmnoneeabi-teensy/bin/../lib/gcc/arm-none-eabi/11.3.1/../../../../arm-none-eabi/lib\libarm_cortexM7lfsp_math.a
LOAD c:/users/alexy/.platformio/packages/toolchain-gccarmnoneeabi-teensy/bin/../lib/gcc/arm-none-eabi/11.3.1/thumb/v7e-m+dp/hard\libstdc++.a
END GROUP
LOAD c:/users/alexy/.platformio/packages/toolchain-gccarmnoneeabi-teensy/bin/../lib/gcc/arm-none-eabi/11.3.1/thumb/v7e-m+dp/hard\libstdc++.a
LOAD c:/users/alexy/.platformio/packages/toolchain-gccarmnoneeabi-teensy/bin/../lib/gcc/arm-none-eabi/11.3.1/thumb/v7e-m+dp/hard\libm.a
START GROUP
LOAD c:/users/alexy/.platformio/packages/toolchain-gccarmnoneeabi-teensy/bin/../lib/gcc/arm-none-eabi/11.3.1/thumb/v7e-m+dp/hard\libgcc.a
LOAD c:/users/alexy/.platformio/packages/toolchain-gccarmnoneeabi-teensy/bin/../lib/gcc/arm-none-eabi/11.3.1/thumb/v7e-m+dp/hard\libc.a
END GROUP
LOAD c:/users/alexy/.platformio/packages/toolchain-gccarmnoneeabi-teensy/bin/../lib/gcc/arm-none-eabi/11.3.1/thumb/v7e-m+dp/hard/crtend.o
LOAD c:/users/alexy/.platformio/packages/toolchain-gccarmnoneeabi-teensy/bin/../lib/gcc/arm-none-eabi/11.3.1/thumb/v7e-m+dp/hard/crtn.o

.text.headers   0x60000000     0x1400
 *(.flashconfig)
 .flashconfig   0x60000000      0x200 .pio\build\teensy41\libFrameworkArduino.a(bootdata.c.o)
                0x60000000                FlexSPI_NOR_Config
 FILL mask 0xff
                0x60001000                . = (ORIGIN (FLASH) + 0x1000)
 *fill*         0x60000200      0xe00 ff
 *(.ivt)
 .ivt           0x60001000       0x20 .pio\build\teensy41\libFrameworkArduino.a(bootdata.c.o)
                0x60001000                ImageVectorTable
 *(.bootdata)
 .bootdata      0x60001020        0xc .pio\build\teensy41\libFrameworkArduino.a(bootdata.c.o)
                0x60001020                BootData
                0x60001400                . = ALIGN (0x400)
 *fill*         0x6000102c      0x3d4 ff

.text.code      0x60001400     0xb1d0
 *(.startup)
 .startup       0x60001400      0x274 .pio\build\teensy41\libFrameworkArduino.a(startup.c.o)
                0x6000164c                ResetHandler
 *(.flashmem*)
 .flashmem      0x60001674       0x54 .pio\build\teensy41\lib088\libAudio.a(imxrt_hw.cpp.o)
                0x60001674                set_audioClock(int, long, unsigned long, bool)
 .flashmem      0x600016c8     0x11a4 .pio\build\teensy41\lib0ea\libILI9341_T4.a(DiffBuff.cpp.o)
                0x600016c8                ILI9341_T4::DiffBuff::readDiff(int&, int&, int&, int)
                0x600018a8                ILI9341_T4::DiffBuffDummy::readDiff(int&, int&, int&, int)
                0x6000193c                ILI9341_T4::DiffBuff::printStats(Stream*) const
                0x60001b68                ILI9341_T4::DiffBuffBase::rotationBox(int, int, int, int, int, int&, int&, int&, int&)
                0x60001bcc                ILI9341_T4::DiffBuffBase::copyfb(unsigned short*, unsigned short const*, int, int, int, int, int, int)
                0x60001d80                ILI9341_T4::DiffBuffBase::_copy_rotate_0(unsigned short*, unsigned short const*)
                0x60001d88                ILI9341_T4::DiffBuffBase::_copy_rotate_90(unsigned short*, unsigned short const*)
                0x60001dd8                ILI9341_T4::DiffBuffBase::_copy_rotate_180(unsigned short*, unsigned short const*)
                0x60001e2c                ILI9341_T4::DiffBuffBase::_copy_rotate_270(unsigned short*, unsigned short const*)
                0x60001e80                ILI9341_T4::DiffBuffBase::copyfb(unsigned short*, unsigned short const*, int)
                0x60001ea4                ILI9341_T4::DiffBuffBase::_copy_rotate_0(unsigned short*, unsigned short const*, int, int, int, int, int, int, int)
                0x60001f10                ILI9341_T4::DiffBuffBase::_copy_rotate_90(unsigned short*, unsigned short const*, int, int, int, int, int, int, int)
                0x60001f7c                ILI9341_T4::DiffBuffBase::_copy_rotate_180(unsigned short*, unsigned short const*, int, int, int, int, int, int, int)
                0x60001fe8                ILI9341_T4::DiffBuffBase::_copy_rotate_270(unsigned short*, unsigned short const*, int, int, int, int, int, int, int)
                0x6000203c                ILI9341_T4::DiffBuff::_computeDiff(unsigned short*, ILI9341_T4::DiffBuffBase*, unsigned short const*, int, int, int, int, int, int, int, bool, unsigned short)
                0x600024c4                ILI9341_T4::DiffBuff::computeDiff(unsigned short*, ILI9341_T4::DiffBuffBase*, unsigned short const*, int, int, int, int, int, int, int, bool, unsigned short)
                0x60002680                ILI9341_T4::DiffBuff::statsReset()
                0x600026b0                ILI9341_T4::DiffBuff::computeDiff(unsigned short*, unsigned short const*, int, int, bool, unsigned short)
 *fill*         0x6000286c        0x4 
 .flashmem      0x60002870     0x9100 .pio\build\teensy41\lib0ea\libILI9341_T4.a(ILI9341Driver.cpp.o)
                0x60002870                ILI9341_T4::ILI9341Driver::selfDiagStatus()
                0x600028e4                ILI9341_T4::ILI9341Driver::setIRQPriority(int)
                0x600029a4                ILI9341_T4::ILI9341Driver::sleep(bool)
                0x60002d84                ILI9341_T4::ILI9341Driver::invertDisplay(bool)
                0x60002f04                ILI9341_T4::ILI9341Driver::setScroll(int)
                0x600032a4                ILI9341_T4::ILI9341Driver::_subFrameTimerStartcb()
                0x60003564                ILI9341_T4::ILI9341Driver::setFramebuffer(unsigned short*)
                0x600035dc                ILI9341_T4::ILI9341Driver::setDiffBuffers(ILI9341_T4::DiffBuffBase*, ILI9341_T4::DiffBuffBase*)
                0x6000364c                ILI9341_T4::ILI9341Driver::setDiffCompareMask(unsigned short)
                0x6000365c                ILI9341_T4::ILI9341Driver::setDiffCompareMask(int, int, int)
                0x600036b4                ILI9341_T4::ILI9341Driver::clear(unsigned short)
                0x60003d8c                ILI9341_T4::ILI9341Driver::_pushRect(unsigned short, int, int, int, int)
                0x60004480                ILI9341_T4::ILI9341Driver::_timerinit()
                0x600044b8                ILI9341_T4::ILI9341Driver::printStatus()
                0x600046d8                ILI9341_T4::ILI9341Driver::_measureChar(char, int, int, int&, int&, int&, int&, void const*, int&)
                0x600047b8                ILI9341_T4::ILI9341Driver::_measureText(char const*, int, int, int&, int&, int&, int&, void const*, bool)
                0x60004888                ILI9341_T4::ILI9341Driver::_drawCharBitmap_4BPP(unsigned char const*, int, int, int, int, int, int, int, unsigned short, int, unsigned short*, float)
                0x60004acc                ILI9341_T4::ILI9341Driver::_drawCharILI(char, int&, int&, unsigned short, void const*, int, int, int, unsigned short*, float)
                0x60004c2c                ILI9341_T4::ILI9341Driver::_drawTextILI(char const*, int, int, unsigned short, void const*, bool, int, int, int, unsigned short*, float)
                0x60004cc0                ILI9341_T4::ILI9341Driver::_fillRect(int, int, int, int, int, int, int, unsigned short*, unsigned short, float)
                0x60004d80                ILI9341_T4::ILI9341Driver::printText(unsigned short*, char const*, int, int, int, unsigned short)
                0x60004e14                ILI9341_T4::ILI9341Driver::printTextCentered(unsigned short*, char const*, int, int, int, unsigned short)
                0x60004ee0                ILI9341_T4::ILI9341Driver::overlayText(unsigned short*, char const*, int, int, int, unsigned short, float, unsigned short, float, bool)
                0x6000507c                ILI9341_T4::ILI9341Driver::overlayFPS(unsigned short*, int, unsigned short, unsigned short, float)
                0x60005144                ILI9341_T4::ILI9341Driver::statsReset()
                0x600051e8                ILI9341_T4::ILI9341Driver::setSpiClock(int)
                0x60005254                ILI9341_T4::ILI9341Driver::setSpiClockRead(int)
                0x600052c0                ILI9341_T4::ILI9341Driver::setDiffGap(int)
                0x6000533c                ILI9341_T4::ILI9341Driver::setVSyncSpacing(int)
                0x600053d4                ILI9341_T4::ILI9341Driver::setRotation(unsigned char)
                0x6000546c                ILI9341_T4::ILI9341Driver::setRefreshMode(int)
                0x600057e8                ILI9341_T4::ILI9341Driver::setRefreshRate(float)
                0x60005800                ILI9341_T4::ILI9341Driver::printRefreshMode()
                0x600058f8                ILI9341_T4::ILI9341Driver::begin(unsigned long, unsigned long)
                0x60006904                ILI9341_T4::ILI9341Driver::setLateStartRatio(float)
                0x600069a0                ILI9341_T4::ILI9341Driver::printStats(bool) const
                0x60007884                ILI9341_T4::ILI9341Driver::_updateRectNow(unsigned short const*, int, int, int, int, int)
                0x600080c0                ILI9341_T4::ILI9341Driver::_uploadChar(char, int&, int&, unsigned short, unsigned short, void const*)
                0x60008178                ILI9341_T4::ILI9341Driver::_uploadText(char const*, int, int, unsigned short, unsigned short, void const*, bool)
                0x600081e0                ILI9341_T4::ILI9341Driver::_updateNow(unsigned short const*, ILI9341_T4::DiffBuffBase*)
                0x60008f80                ILI9341_T4::ILI9341Driver::_setTouchInterrupt()
                0x60009030                ILI9341_T4::ILI9341Driver::ILI9341Driver(unsigned char, unsigned char, unsigned char, unsigned char, unsigned char, unsigned char, unsigned char, unsigned char)
                0x60009030                ILI9341_T4::ILI9341Driver::ILI9341Driver(unsigned char, unsigned char, unsigned char, unsigned char, unsigned char, unsigned char, unsigned char, unsigned char)
                0x60009258                ILI9341_T4::ILI9341Driver::_subFrameInterruptDiff()
                0x600096dc                ILI9341_T4::ILI9341Driver::_subFrameInterruptDiff2()
                0x6000970c                ILI9341_T4::ILI9341Driver::_dmaInterruptDiff()
                0x6000974c                ILI9341_T4::ILI9341Driver::readTouch(int&, int&, int&)
                0x60009860                ILI9341_T4::ILI9341Driver::readTouch(int&, int&)
                0x60009870                ILI9341_T4::ILI9341Driver::_updateAsync(unsigned short const*, ILI9341_T4::DiffBuffBase*)
                0x6000a100                ILI9341_T4::ILI9341Driver::updateRegion(bool, unsigned short const*, int, int, int, int, int)
                0x6000a634                ILI9341_T4::ILI9341Driver::update(unsigned short const*, bool)
                0x6000aa1c                ILI9341_T4::ILI9341Driver::_subFrameTimerStartcb2()
                0x6000aea4                ILI9341_T4::ILI9341Driver::setTouchCalibration(int*)
                0x6000aecc                ILI9341_T4::ILI9341Driver::getTouchCalibration(int*)
                0x6000aef4                ILI9341_T4::ILI9341Driver::_calibRect(int, int, int, unsigned short, unsigned short)
                0x6000af90                ILI9341_T4::ILI9341Driver::_calibTouch(int&, int&, int&, int, int)
                0x6000b048                ILI9341_T4::ILI9341Driver::calibrateTouch(int*)
 .flashmem      0x6000b970       0xf8 .pio\build\teensy41\libFrameworkArduino.a(AudioStream.cpp.o)
                0x6000b970                AudioStream::initialize_memory(audio_block_struct*, unsigned int)
 .flashmem      0x6000ba68       0x54 .pio\build\teensy41\libFrameworkArduino.a(analog.c.o)
                0x6000ba68                analog_init
 .flashmem      0x6000babc      0x500 .pio\build\teensy41\libFrameworkArduino.a(startup.c.o)
                0x6000babc                startup_default_early_hook
                0x6000babc                startup_early_hook
                0x6000bac0                startup_default_middle_hook
                0x6000bac0                startup_middle_hook
                0x6000bac4                startup_late_hook
                0x6000bac4                startup_default_late_hook
                0x6000bac8                startup_debug_reset
                0x6000bacc                configure_cache
                0x6000bbdc                configure_external_ram
                0x6000bf60                usb_pll_start
 .flashmem      0x6000bfbc      0x130 .pio\build\teensy41\libFrameworkArduino.a(tempmon.c.o)
                0x6000bfbc                tempmon_init
 .flashmem      0x6000c0ec      0x13c .pio\build\teensy41\libFrameworkArduino.a(usb.c.o)
                0x6000c0ec                usb_init
                0x6000c1d4                _reboot_Teensyduino_
 .flashmem      0x6000c228      0x17c .pio\build\teensy41\libc2e\libWire.a(WireIMXRT.cpp.o)
                0x6000c228                TwoWire::configSDApin(unsigned char)
                0x6000c25c                TwoWire::setSDA(unsigned char)
                0x6000c2b0                TwoWire::configSCLpin(unsigned char)
                0x6000c2e4                TwoWire::setSCL(unsigned char)
                0x6000c33c                TwoWire::begin()
                0x6000c3a4                . = ALIGN (0x4)
 *(.init)
 .init          0x6000c3a4        0x4 c:/users/alexy/.platformio/packages/toolchain-gccarmnoneeabi-teensy/bin/../lib/gcc/arm-none-eabi/11.3.1/thumb/v7e-m+dp/hard/crti.o
                0x6000c3a4                _init
 .init          0x6000c3a8        0x8 c:/users/alexy/.platformio/packages/toolchain-gccarmnoneeabi-teensy/bin/../lib/gcc/arm-none-eabi/11.3.1/thumb/v7e-m+dp/hard/crtn.o
 .init.__stub   0x6000c3b0      0x1f8 linker stubs
                0x6000c5a8                __preinit_array_start = .
 *(.preinit_array)
                0x6000c5a8                __preinit_array_end = .
                0x6000c5a8                __init_array_start = .
 *(.init_array)
 .init_array    0x6000c5a8        0x4 c:/users/alexy/.platformio/packages/toolchain-gccarmnoneeabi-teensy/bin/../lib/gcc/arm-none-eabi/11.3.1/thumb/v7e-m+dp/hard/crtbegin.o
 .init_array    0x6000c5ac        0x4 .pio\build\teensy41\lib285\FastLED\FastLED.cpp.o
 .init_array    0x6000c5b0        0x4 .pio\build\teensy41\src\AudioProcessor.cpp.o
 .init_array    0x6000c5b4        0x4 .pio\build\teensy41\src\DisplayManager.cpp.o
 .init_array    0x6000c5b8        0x4 .pio\build\teensy41\src\main.cpp.o
 .init_array    0x6000c5bc        0x4 .pio\build\teensy41\lib557\libTeensyThreads.a(TeensyThreads.cpp.o)
 .init_array    0x6000c5c0        0x4 .pio\build\teensy41\lib4c5\libSD.a(SD.cpp.o)
 .init_array    0x6000c5c4        0x4 .pio\build\teensy41\lib088\libAudio.a(input_i2s.cpp.o)
 .init_array    0x6000c5c8        0x4 .pio\build\teensy41\lib088\libAudio.a(output_i2s.cpp.o)
 .init_array    0x6000c5cc        0x4 .pio\build\teensy41\libFrameworkArduino.a(IntervalTimer.cpp.o)
                0x6000c5d0                __init_array_end = .
                0x6000c5d0                . = ALIGN (0x4)

.text.progmem   0x6000c5d0     0xe4a4
 *(.progmem*)
 .progmem       0x6000c5d0     0x6c00 .pio\build\teensy41\src\UI.cpp.o
 .progmem       0x600131d0       0x80 .pio\build\teensy41\lib0ea\libILI9341_T4.a(ILI9341Driver.cpp.o)
 .progmem       0x60013250     0x762c .pio\build\teensy41\lib0ea\libILI9341_T4.a(font_ILI9341_T4.cpp.o)
                0x60013250                font_ILI9341_T4_OpenSans_Bold_16
                0x60015ca0                font_ILI9341_T4_OpenSans_Bold_14
                0x60017c8c                font_ILI9341_T4_OpenSans_Bold_12
                0x600195a8                font_ILI9341_T4_OpenSans_Bold_10
 .progmem       0x6001a87c      0x106 .pio\build\teensy41\libFrameworkArduino.a(usb_desc.c.o)
                0x6001a87c                usb_string_product_name_default
                0x6001a87c                usb_string_product_name
                0x6001a894                usb_string_manufacturer_name
                0x6001a894                usb_string_manufacturer_name_default
                0x6001a8ac                string0
                0x6001a8b0                usb_config_descriptor_12
                0x6001a914                usb_config_descriptor_480
 *fill*         0x6001a982        0x2 
 .progmem       0x6001a984       0xf0 .pio\build\teensy41\libc2e\libWire.a(WireIMXRT.cpp.o)
                0x6001a984                TwoWire::i2c4_hardware
                0x6001a9d4                TwoWire::i2c3_hardware
                0x6001aa24                TwoWire::i2c1_hardware
                0x6001aa74                . = ALIGN (0x4)

.text.itcm      0x00000000    0x1bcf0 load address 0x6001aa74
                0x00000020                . = (. + 0x20)
 *fill*         0x00000000       0x20 
 *(.fastrun)
 .fastrun       0x00000020       0xc0 .pio\build\teensy41\libFrameworkArduino.a(interrupt.c.o)
                0x00000020                irq_gpio6789
 *(.text*)
 .text.register_tm_clones
                0x000000e0       0x24 c:/users/alexy/.platformio/packages/toolchain-gccarmnoneeabi-teensy/bin/../lib/gcc/arm-none-eabi/11.3.1/thumb/v7e-m+dp/hard/crtbegin.o
 .text.frame_dummy
                0x00000104       0x24 c:/users/alexy/.platformio/packages/toolchain-gccarmnoneeabi-teensy/bin/../lib/gcc/arm-none-eabi/11.3.1/thumb/v7e-m+dp/hard/crtbegin.o
 .text._ZNK14CLEDController17getMaxRefreshRateEv
                0x00000128        0x4 .pio\build\teensy41\lib285\FastLED\FastLED.cpp.o
                0x00000128                CLEDController::getMaxRefreshRate() const
 .text._ZN8CFastLED7addLedsEP14CLEDControllerP4CRGBii
                0x0000012c       0x58 .pio\build\teensy41\lib285\FastLED\FastLED.cpp.o
                0x0000012c                CFastLED::addLeds(CLEDController*, CRGB*, int, int)
 .text._ZN8CFastLED4showEh
                0x00000184      0x12c .pio\build\teensy41\lib285\FastLED\FastLED.cpp.o
                0x00000184                CFastLED::show(unsigned char)
 .text.startup._GLOBAL__sub_I_pSmartMatrix
                0x000002b0       0x18 .pio\build\teensy41\lib285\FastLED\FastLED.cpp.o
 .text._Z10fill_solidP4CRGBiRKS_
                0x000002c8       0x20 .pio\build\teensy41\lib285\FastLED\colorutils.cpp.o
                0x000002c8                fill_solid(CRGB*, int, CRGB const&)
 .text._ZN14CLEDController4sizeEv
                0x000002e8        0x4 .pio\build\teensy41\lib285\FastLED\power_mgt.cpp.o
                0x000002e8                CLEDController::size()
 .text._Z9initAudiov
                0x000002ec       0x64 .pio\build\teensy41\src\AudioProcessor.cpp.o
                0x000002ec                initAudio()
 .text.startup._GLOBAL__sub_I_i2s1
                0x00000350      0x20c .pio\build\teensy41\src\AudioProcessor.cpp.o
 .text._ZN10ILI9341_T48DiffBuff8initReadEv
                0x0000055c        0xc .pio\build\teensy41\src\DisplayManager.cpp.o
                0x0000055c                ILI9341_T4::DiffBuff::initRead()
 .text._ZN10ILI9341_T48DiffBuff7initRawEv
                0x00000568        0x8 .pio\build\teensy41\src\DisplayManager.cpp.o
                0x00000568                ILI9341_T4::DiffBuff::initRaw()
 .text._ZN10ILI9341_T48DiffBuff7readRawERiS1_
                0x00000570       0xb8 .pio\build\teensy41\src\DisplayManager.cpp.o
                0x00000570                ILI9341_T4::DiffBuff::readRaw(int&, int&)
 .text._ZN10ILI9341_T413ILI9341DriverD2Ev
                0x00000628       0x18 .pio\build\teensy41\src\DisplayManager.cpp.o
                0x00000628                ILI9341_T4::ILI9341Driver::~ILI9341Driver()
                0x00000628                ILI9341_T4::ILI9341Driver::~ILI9341Driver()
 .text._Z10onSettingsv
                0x00000640       0x1c .pio\build\teensy41\src\DisplayManager.cpp.o
                0x00000640                onSettings()
 .text._Z9onRestartv
                0x0000065c       0x24 .pio\build\teensy41\src\DisplayManager.cpp.o
                0x0000065c                onRestart()
 .text._ZN10ILI9341_T48DiffBuffC2EPhj
                0x00000680       0x74 .pio\build\teensy41\src\DisplayManager.cpp.o
                0x00000680                ILI9341_T4::DiffBuff::DiffBuff(unsigned char*, unsigned int)
                0x00000680                ILI9341_T4::DiffBuff::DiffBuff(unsigned char*, unsigned int)
 .text._Z16mapTouchToScreeniiRiS_
                0x000006f4       0x80 .pio\build\teensy41\src\DisplayManager.cpp.o
                0x000006f4                mapTouchToScreen(int, int, int&, int&)
 .text._Z11initDisplayv
                0x00000774       0x5c .pio\build\teensy41\src\DisplayManager.cpp.o
                0x00000774                initDisplay()
 .text._Z12clearDisplayt
                0x000007d0       0x14 .pio\build\teensy41\src\DisplayManager.cpp.o
                0x000007d0                clearDisplay(unsigned short)
 .text._Z8drawIconiiPKtii
                0x000007e4       0x68 .pio\build\teensy41\src\DisplayManager.cpp.o
                0x000007e4                drawIcon(int, int, unsigned short const*, int, int)
 .text._Z8drawLineiiiiit
                0x0000084c       0xe4 .pio\build\teensy41\src\DisplayManager.cpp.o
                0x0000084c                drawLine(int, int, int, int, int, unsigned short)
 .text._Z13drawRectangleiiiiit
                0x00000930       0x78 .pio\build\teensy41\src\DisplayManager.cpp.o
                0x00000930                drawRectangle(int, int, int, int, int, unsigned short)
 .text._Z10drawCircleiiitbi
                0x000009a8      0x240 .pio\build\teensy41\src\DisplayManager.cpp.o
                0x000009a8                drawCircle(int, int, int, unsigned short, bool, int)
 .text._Z8drawNoteiibt
                0x00000be8       0x68 .pio\build\teensy41\src\DisplayManager.cpp.o
                0x00000be8                drawNote(int, int, bool, unsigned short)
 .text._Z14drawTabulationv
                0x00000c50      0x1a8 .pio\build\teensy41\src\DisplayManager.cpp.o
                0x00000c50                drawTabulation()
 .text._Z9writeTextiiPKctib
                0x00000df8       0x40 .pio\build\teensy41\src\DisplayManager.cpp.o
                0x00000df8                writeText(int, int, char const*, unsigned short, int, bool)
 .text._Z13updateDisplayv
                0x00000e38       0x14 .pio\build\teensy41\src\DisplayManager.cpp.o
                0x00000e38                updateDisplay()
 .text.startup._GLOBAL__sub_I_tft
                0x00000e4c       0xbc .pio\build\teensy41\src\DisplayManager.cpp.o
 .text._ZN3Pin6selectEv
                0x00000f08        0xc .pio\build\teensy41\src\LedController.cpp.o
                0x00000f08                Pin::select()
 .text._ZN3Pin7releaseEv
                0x00000f14       0x10 .pio\build\teensy41\src\LedController.cpp.o
                0x00000f14                Pin::release()
 .text._ZN19CPixelLEDControllerIL6EOrder136ELi1ELm4294967295EE4showEPK4CRGBiS2_
                0x00000f24       0xb4 .pio\build\teensy41\src\LedController.cpp.o
                0x00000f24                CPixelLEDController<(EOrder)136, 1, 4294967295ul>::show(CRGB const*, int, CRGB)
 .text._ZN19CPixelLEDControllerIL6EOrder136ELi1ELm4294967295EE9showColorERK4CRGBiS2_
                0x00000fd8       0xb0 .pio\build\teensy41\src\LedController.cpp.o
                0x00000fd8                CPixelLEDController<(EOrder)136, 1, 4294967295ul>::showColor(CRGB const&, int, CRGB)
 .text._ZN16APA102ControllerILh31ELh32EL6EOrder136ELm12000000EE4initEv
                0x00001088       0x3c .pio\build\teensy41\src\LedController.cpp.o
                0x00001088                APA102Controller<(unsigned char)31, (unsigned char)32, (EOrder)136, 12000000ul>::init()
 .text._ZN14CLEDController9clearLedsEi
                0x000010c4       0xe0 .pio\build\teensy41\src\LedController.cpp.o
                0x000010c4                CLEDController::clearLeds(int)
 .text._ZN13LedControllerC2Ev
                0x000011a4        0x4 .pio\build\teensy41\src\LedController.cpp.o
                0x000011a4                LedController::LedController()
                0x000011a4                LedController::LedController()
 .text._ZN13LedController5beginEv
                0x000011a8       0x98 .pio\build\teensy41\src\LedController.cpp.o
                0x000011a8                LedController::begin()
 .text._ZN20AVRSoftwareSPIOutputILh31ELh32ELm12000000EE9writeByteEh
                0x00001240      0x5d0 .pio\build\teensy41\src\LedController.cpp.o
                0x00001240                AVRSoftwareSPIOutput<(unsigned char)31, (unsigned char)32, 12000000ul>::writeByte(unsigned char)
 .text._ZN16APA102ControllerILh31ELh32EL6EOrder136ELm12000000EE10showPixelsER15PixelControllerILS0_136ELi1ELm4294967295EE
                0x00001810      0x148 .pio\build\teensy41\src\LedController.cpp.o
                0x00001810                APA102Controller<(unsigned char)31, (unsigned char)32, (EOrder)136, 12000000ul>::showPixels(PixelController<(EOrder)136, 1, 4294967295ul>&)
 .text._Z16onOptionsPressedv
                0x00001958       0x20 .pio\build\teensy41\src\UI.cpp.o
                0x00001958                onOptionsPressed()
 .text._Z12onBackToMenuv
                0x00001978       0x20 .pio\build\teensy41\src\UI.cpp.o
                0x00001978                onBackToMenu()
 .text._ZZ13addBackButtonvENUlvE_4_FUNEv
                0x00001998       0x1c .pio\build\teensy41\src\UI.cpp.o
 .text._ZZ15setupLoadScreenvENUlvE9_4_FUNEv
                0x000019b4       0x48 .pio\build\teensy41\src\UI.cpp.o
 .text._ZZ15setupLoadScreenvENUlvE7_4_FUNEv
                0x000019fc       0x48 .pio\build\teensy41\src\UI.cpp.o
 .text._ZZ15setupLoadScreenvENUlvE5_4_FUNEv
                0x00001a44       0x48 .pio\build\teensy41\src\UI.cpp.o
 .text._ZZ15setupLoadScreenvENUlvE3_4_FUNEv
                0x00001a8c       0x48 .pio\build\teensy41\src\UI.cpp.o
 .text._ZZ15setupLoadScreenvENUlvE1_4_FUNEv
                0x00001ad4       0x48 .pio\build\teensy41\src\UI.cpp.o
 .text._ZZ15setupLoadScreenvENUlvE_4_FUNEv
                0x00001b1c       0x3c .pio\build\teensy41\src\UI.cpp.o
 .text._ZZ17setupResumeScreenvENUlvE3_4_FUNEv
                0x00001b58       0x1c .pio\build\teensy41\src\UI.cpp.o
 .text._ZZ17setupResumeScreenvENUlvE2_4_FUNEv
                0x00001b74       0x1c .pio\build\teensy41\src\UI.cpp.o
 .text._ZZ17setupResumeScreenvENUlvE1_4_FUNEv
                0x00001b90       0x1c .pio\build\teensy41\src\UI.cpp.o
 .text._ZZ17setupResumeScreenvENUlvE0_4_FUNEv
                0x00001bac       0x1c .pio\build\teensy41\src\UI.cpp.o
 .text._ZZ17setupResumeScreenvENUlvE_4_FUNEv
                0x00001bc8       0x20 .pio\build\teensy41\src\UI.cpp.o
 .text._ZZ15setupMenuScreenvENUlvE1_4_FUNEv
                0x00001be8       0x38 .pio\build\teensy41\src\UI.cpp.o
 .text._ZZ15setupMenuScreenvENUlvE0_4_FUNEv
                0x00001c20       0x38 .pio\build\teensy41\src\UI.cpp.o
 .text._Z16onRestartPressedv
                0x00001c58       0x1c .pio\build\teensy41\src\UI.cpp.o
                0x00001c58                onRestartPressed()
 .text._Z17onSettingsPressedv
                0x00001c74       0x1c .pio\build\teensy41\src\UI.cpp.o
                0x00001c74                onSettingsPressed()
 .text._Z13onStopPressedv
                0x00001c90       0x1c .pio\build\teensy41\src\UI.cpp.o
                0x00001c90                onStopPressed()
 .text._Z13onPlayPressedv
                0x00001cac       0x1c .pio\build\teensy41\src\UI.cpp.o
                0x00001cac                onPlayPressed()
 .text._Z14onPausePressedv
                0x00001cc8       0x1c .pio\build\teensy41\src\UI.cpp.o
                0x00001cc8                onPausePressed()
 .text._Z13onLoadPressedv
                0x00001ce4       0x38 .pio\build\teensy41\src\UI.cpp.o
                0x00001ce4                onLoadPressed()
 .text._Z15onResumePressedv
                0x00001d1c       0x38 .pio\build\teensy41\src\UI.cpp.o
                0x00001d1c                onResumePressed()
 .text._ZZ15setupMenuScreenvENUlvE_4_FUNEv
                0x00001d54       0x50 .pio\build\teensy41\src\UI.cpp.o
 .text._Z16onLoadXmlPressedv
                0x00001da4      0x254 .pio\build\teensy41\src\UI.cpp.o
                0x00001da4                onLoadXmlPressed()
 .text._Z17drawOptionsScreenv
                0x00001ff8       0x84 .pio\build\teensy41\src\UI.cpp.o
                0x00001ff8                drawOptionsScreen()
 .text._Z15setupMenuScreenv
                0x0000207c      0x12c .pio\build\teensy41\src\UI.cpp.o
                0x0000207c                setupMenuScreen()
 .text._Z14drawMenuScreenv
                0x000021a8        0x4 .pio\build\teensy41\src\UI.cpp.o
                0x000021a8                drawMenuScreen()
 .text._Z17setupResumeScreenv
                0x000021ac      0x22c .pio\build\teensy41\src\UI.cpp.o
                0x000021ac                setupResumeScreen()
 .text._Z16drawResumeScreenv
                0x000023d8        0x4 .pio\build\teensy41\src\UI.cpp.o
                0x000023d8                drawResumeScreen()
 .text._Z15setupLoadScreenv
                0x000023dc      0x2fc .pio\build\teensy41\src\UI.cpp.o
                0x000023dc                setupLoadScreen()
 .text._Z14drawLoadScreenv
                0x000026d8        0x4 .pio\build\teensy41\src\UI.cpp.o
                0x000026d8                drawLoadScreen()
 .text._ZZ15setupLoadScreenvENUlvE8_4_FUNEv
                0x000026dc       0x1c .pio\build\teensy41\src\UI.cpp.o
 .text._ZZ15setupLoadScreenvENUlvE6_4_FUNEv
                0x000026f8       0x1c .pio\build\teensy41\src\UI.cpp.o
 .text._ZZ15setupLoadScreenvENUlvE4_4_FUNEv
                0x00002714       0x1c .pio\build\teensy41\src\UI.cpp.o
 .text._ZZ15setupLoadScreenvENUlvE2_4_FUNEv
                0x00002730       0x1c .pio\build\teensy41\src\UI.cpp.o
 .text._ZZ15setupLoadScreenvENUlvE0_4_FUNEv
                0x0000274c       0x1c .pio\build\teensy41\src\UI.cpp.o
 .text._Z18handleTouchWidgetsii
                0x00002768       0x4c .pio\build\teensy41\src\UI.cpp.o
                0x00002768                handleTouchWidgets(int, int)
 .text._Z21handleTouchMenuScreenii
                0x000027b4        0x4 .pio\build\teensy41\src\UI.cpp.o
                0x000027b4                handleTouchMenuScreen(int, int)
 .text._Z23handleTouchResumeScreenii
                0x000027b8        0x4 .pio\build\teensy41\src\UI.cpp.o
                0x000027b8                handleTouchResumeScreen(int, int)
 .text._Z24handleTouchOptionsScreenii
                0x000027bc        0x4 .pio\build\teensy41\src\UI.cpp.o
                0x000027bc                handleTouchOptionsScreen(int, int)
 .text._Z21handleTouchLoadScreenii
                0x000027c0        0x4 .pio\build\teensy41\src\UI.cpp.o
                0x000027c0                handleTouchLoadScreen(int, int)
 .text._Z9setScreenP6Screen
                0x000027c4       0x1c .pio\build\teensy41\src\UI.cpp.o
                0x000027c4                setScreen(Screen*)
 .text._Z8updateUIv
                0x000027e0       0x10 .pio\build\teensy41\src\UI.cpp.o
                0x000027e0                updateUI()
 .text._Z10checkTouchv
                0x000027f0       0x78 .pio\build\teensy41\src\UI.cpp.o
                0x000027f0                checkTouch()
 .text._Z13parseColorLedi
                0x00002868       0x3c .pio\build\teensy41\src\globals.cpp.o
                0x00002868                parseColorLed(int)
 .text._Z17parseColorDisplayi
                0x000028a4       0x18 .pio\build\teensy41\src\globals.cpp.o
                0x000028a4                parseColorDisplay(int)
 .text._Z19UpdateDisplayThreadv
                0x000028bc       0x74 .pio\build\teensy41\src\main.cpp.o
                0x000028bc                UpdateDisplayThread()
 .text.setup    0x00002930       0xf4 .pio\build\teensy41\src\main.cpp.o
                0x00002930                setup
 .text.loop     0x00002a24        0x8 .pio\build\teensy41\src\main.cpp.o
                0x00002a24                loop
 .text.startup._GLOBAL__sub_I_ledController
                0x00002a2c        0xc .pio\build\teensy41\src\main.cpp.o
 .text._ZN5Print17availableForWriteEv
                0x00002a38        0x4 .pio\build\teensy41\src\xml.cpp.o
                0x00002a38                Print::availableForWrite()
 .text._ZN5Print5flushEv
                0x00002a3c        0x4 .pio\build\teensy41\src\xml.cpp.o
                0x00002a3c                Print::flush()
 .text._ZN6SDFile6isOpenEv
                0x00002a40       0x14 .pio\build\teensy41\src\xml.cpp.o
                0x00002a40                SDFile::isOpen()
 .text._ZN11ArduinoJson8V742PB226detail16DefaultAllocator8allocateEj
                0x00002a54        0x8 .pio\build\teensy41\src\xml.cpp.o
                0x00002a54                ArduinoJson::V742PB22::detail::DefaultAllocator::allocate(unsigned int)
 .text._ZN11ArduinoJson8V742PB226detail16DefaultAllocator10deallocateEPv
                0x00002a5c        0x8 .pio\build\teensy41\src\xml.cpp.o
                0x00002a5c                ArduinoJson::V742PB22::detail::DefaultAllocator::deallocate(void*)
 .text._ZN6SDFile5closeEv
                0x00002a64       0x28 .pio\build\teensy41\src\xml.cpp.o
                0x00002a64                SDFile::close()
 .text._ZN11ArduinoJson8V742PB226detail16DefaultAllocator10reallocateEPvj
                0x00002a8c        0x8 .pio\build\teensy41\src\xml.cpp.o
                0x00002a8c                ArduinoJson::V742PB22::detail::DefaultAllocator::reallocate(void*, unsigned int)
 .text._ZN6SDFile4nameEv
                0x00002a94       0x50 .pio\build\teensy41\src\xml.cpp.o
                0x00002a94                SDFile::name()
 .text._ZN6SDFile8truncateEy
                0x00002ae4       0x3c .pio\build\teensy41\src\xml.cpp.o
                0x00002ae4                SDFile::truncate(unsigned long long)
 .text._ZN6SDFile13setModifyTimeERK14DateTimeFields
                0x00002b20       0x54 .pio\build\teensy41\src\xml.cpp.o
                0x00002b20                SDFile::setModifyTime(DateTimeFields const&)
 .text._ZN6SDFile13getModifyTimeER14DateTimeFields
                0x00002b74       0x70 .pio\build\teensy41\src\xml.cpp.o
                0x00002b74                SDFile::getModifyTime(DateTimeFields&)
 .text._ZN6SDFile13getCreateTimeER14DateTimeFields
                0x00002be4       0x70 .pio\build\teensy41\src\xml.cpp.o
                0x00002be4                SDFile::getCreateTime(DateTimeFields&)
 .text._ZN4File5writeEPKhj
                0x00002c54       0x44 .pio\build\teensy41\src\xml.cpp.o
                0x00002c54                File::write(unsigned char const*, unsigned int)
 .text._ZN4File4readEv
                0x00002c98       0x58 .pio\build\teensy41\src\xml.cpp.o
                0x00002c98                File::read()
 .text._ZN4File4peekEv
                0x00002cf0       0x2c .pio\build\teensy41\src\xml.cpp.o
                0x00002cf0                File::peek()
 .text._ZN4File9availableEv
                0x00002d1c       0x60 .pio\build\teensy41\src\xml.cpp.o
                0x00002d1c                File::available()
 .text._ZN4File5flushEv
                0x00002d7c       0x28 .pio\build\teensy41\src\xml.cpp.o
                0x00002d7c                File::flush()
 .text._ZN6SDFile8positionEv
                0x00002da4       0x1c .pio\build\teensy41\src\xml.cpp.o
                0x00002da4                SDFile::position()
 .text._ZN6SDFile4sizeEv
                0x00002dc0       0x1c .pio\build\teensy41\src\xml.cpp.o
                0x00002dc0                SDFile::size()
 .text._ZN6SDFile12openNextFileEh
                0x00002ddc       0xb0 .pio\build\teensy41\src\xml.cpp.o
                0x00002ddc                SDFile::openNextFile(unsigned char)
 .text._ZN10StreamFileI10FsBaseFileyE4peekEv
                0x00002e8c       0x18 .pio\build\teensy41\src\xml.cpp.o
                0x00002e8c                StreamFile<FsBaseFile, unsigned long long>::peek()
 .text._ZN6SDFile4peekEv
                0x00002ea4       0x18 .pio\build\teensy41\src\xml.cpp.o
                0x00002ea4                SDFile::peek()
 .text._ZN6SDFile11isDirectoryEv
                0x00002ebc       0x28 .pio\build\teensy41\src\xml.cpp.o
                0x00002ebc                SDFile::isDirectory()
 .text._ZN6SDFile15rewindDirectoryEv
                0x00002ee4       0x48 .pio\build\teensy41\src\xml.cpp.o
                0x00002ee4                SDFile::rewindDirectory()
 .text._ZN6SDFile4readEPvj
                0x00002f2c       0x18 .pio\build\teensy41\src\xml.cpp.o
                0x00002f2c                SDFile::read(void*, unsigned int)
 .text._ZN10StreamFileI10FsBaseFileyE4readEv
                0x00002f44       0x38 .pio\build\teensy41\src\xml.cpp.o
                0x00002f44                StreamFile<FsBaseFile, unsigned long long>::read()
 .text._ZN6SDFile5flushEv
                0x00002f7c       0x14 .pio\build\teensy41\src\xml.cpp.o
                0x00002f7c                SDFile::flush()
 .text._ZN10StreamFileI10FsBaseFileyE5flushEv
                0x00002f90       0x14 .pio\build\teensy41\src\xml.cpp.o
                0x00002f90                StreamFile<FsBaseFile, unsigned long long>::flush()
 .text._ZN6SDFile5writeEPKvj
                0x00002fa4       0x14 .pio\build\teensy41\src\xml.cpp.o
                0x00002fa4                SDFile::write(void const*, unsigned int)
 .text._ZN10StreamFileI10FsBaseFileyE5writeEPKhj
                0x00002fb8       0x14 .pio\build\teensy41\src\xml.cpp.o
                0x00002fb8                StreamFile<FsBaseFile, unsigned long long>::write(unsigned char const*, unsigned int)
 .text._ZN10StreamFileI10FsBaseFileyE5writeEh
                0x00002fcc       0x34 .pio\build\teensy41\src\xml.cpp.o
                0x00002fcc                StreamFile<FsBaseFile, unsigned long long>::write(unsigned char)
 .text._ZN6SDFile13setCreateTimeERK14DateTimeFields
                0x00003000       0x54 .pio\build\teensy41\src\xml.cpp.o
                0x00003000                SDFile::setCreateTime(DateTimeFields const&)
 .text._ZN6SDFile9availableEv
                0x00003054       0x4c .pio\build\teensy41\src\xml.cpp.o
                0x00003054                SDFile::available()
 .text._ZN10StreamFileI10FsBaseFileyE9availableEv
                0x000030a0       0x4c .pio\build\teensy41\src\xml.cpp.o
                0x000030a0                StreamFile<FsBaseFile, unsigned long long>::available()
 .text._ZN4File5writeEh
                0x000030ec       0x54 .pio\build\teensy41\src\xml.cpp.o
                0x000030ec                File::write(unsigned char)
 .text._ZN6SDFileD2Ev
                0x00003140       0x40 .pio\build\teensy41\src\xml.cpp.o
                0x00003140                SDFile::~SDFile()
                0x00003140                SDFile::~SDFile()
 .text._ZN6SDFileD0Ev
                0x00003180       0x48 .pio\build\teensy41\src\xml.cpp.o
                0x00003180                SDFile::~SDFile()
 .text._ZN6SDFile4seekEyi
                0x000031c8       0x90 .pio\build\teensy41\src\xml.cpp.o
                0x000031c8                SDFile::seek(unsigned long long, int)
 .text._ZN4FileD2Ev
                0x00003258       0xa8 .pio\build\teensy41\src\xml.cpp.o
                0x00003258                File::~File()
                0x00003258                File::~File()
 .text._ZN4FileD0Ev
                0x00003300       0xb0 .pio\build\teensy41\src\xml.cpp.o
                0x00003300                File::~File()
 .text._ZN11ArduinoJson8V742PB226detail13StringBuilder4saveEPNS1_11VariantDataE
                0x000033b0      0x12c .pio\build\teensy41\src\xml.cpp.o
                0x000033b0                ArduinoJson::V742PB22::detail::StringBuilder::save(ArduinoJson::V742PB22::detail::VariantData*)
 .text._ZN11ArduinoJson8V742PB226detail11VariantData5clearEPNS1_15ResourceManagerE
                0x000034dc      0x5e4 .pio\build\teensy41\src\xml.cpp.o
                0x000034dc                ArduinoJson::V742PB22::detail::VariantData::clear(ArduinoJson::V742PB22::detail::ResourceManager*)
 .text._ZN11ArduinoJson8V742PB226detail11parseNumberEPKc
                0x00003ac0      0x3b4 .pio\build\teensy41\src\xml.cpp.o
                0x00003ac0                ArduinoJson::V742PB22::detail::parseNumber(char const*)
 .text._Z12readFileListv
                0x00003e74      0x818 .pio\build\teensy41\src\xml.cpp.o
                0x00003e74                readFileList()
 .text._ZN11ArduinoJson8V742PB226detail14MemoryPoolListINS1_15ResourceManager8SlotDataEE9allocSlotEPNS0_9AllocatorE
                0x0000468c      0x1b0 .pio\build\teensy41\src\xml.cpp.o
                0x0000468c                ArduinoJson::V742PB22::detail::MemoryPoolList<ArduinoJson::V742PB22::detail::ResourceManager::SlotData>::allocSlot(ArduinoJson::V742PB22::Allocator*)
 *fill*         0x0000483c        0x4 
 .text._ZNK11ArduinoJson8V742PB226detail11VariantData10asIntegralIiEET_PKNS1_15ResourceManagerE
                0x00004840      0x170 .pio\build\teensy41\src\xml.cpp.o
                0x00004840                int ArduinoJson::V742PB22::detail::VariantData::asIntegral<int>(ArduinoJson::V742PB22::detail::ResourceManager const*) const
 .text._ZN11ArduinoJson8V742PB226detail16JsonDeserializerINS1_6ReaderI4FilevEEE17parseNumericValueERNS1_11VariantDataE
                0x000049b0      0x1cc .pio\build\teensy41\src\xml.cpp.o
                0x000049b0                ArduinoJson::V742PB22::detail::JsonDeserializer<ArduinoJson::V742PB22::detail::Reader<File, void> >::parseNumericValue(ArduinoJson::V742PB22::detail::VariantData&)
 .text._ZN11ArduinoJson8V742PB226detail16JsonDeserializerINS1_6ReaderI4FilevEEE17parseQuotedStringEv
                0x00004b7c      0x38c .pio\build\teensy41\src\xml.cpp.o
                0x00004b7c                ArduinoJson::V742PB22::detail::JsonDeserializer<ArduinoJson::V742PB22::detail::Reader<File, void> >::parseQuotedString()
 .text._ZN11ArduinoJson8V742PB226detail16JsonDeserializerINS1_6ReaderI4FilevEEE12parseVariantINS1_14AllowAllFilterEEENS0_20DeserializationError4CodeERNS1_11VariantDataET_NS0_21DeserializationOption12NestingLimitE.isra.0
                0x00004f08      0x8ac .pio\build\teensy41\src\xml.cpp.o
 .text._ZNK11ArduinoJson8V742PB226detail11VariantData9getMemberINS1_9RamStringEEEPS2_T_PKNS1_15ResourceManagerE
                0x000057b4       0xe0 .pio\build\teensy41\src\xml.cpp.o
                0x000057b4                ArduinoJson::V742PB22::detail::VariantData* ArduinoJson::V742PB22::detail::VariantData::getMember<ArduinoJson::V742PB22::detail::RamString>(ArduinoJson::V742PB22::detail::RamString, ArduinoJson::V742PB22::detail::ResourceManager const*) const
 .text._ZN11ArduinoJson8V742PB226detailorIiLi0EEET_RKNS1_11MemberProxyINS0_10JsonObjectENS1_9RamStringEEERKS3_
                0x00005894       0xcc .pio\build\teensy41\src\xml.cpp.o
                0x00005894                int ArduinoJson::V742PB22::detail::operator|<int, 0>(ArduinoJson::V742PB22::detail::MemberProxy<ArduinoJson::V742PB22::JsonObject, ArduinoJson::V742PB22::detail::RamString> const&, int const&)
 .text._Z16loadSongFromJsonPKc
                0x00005960      0xb58 .pio\build\teensy41\src\xml.cpp.o
                0x00005960                loadSongFromJson(char const*)
 .text.threads_svcall_isr
                0x000064b8       0x48 .pio\build\teensy41\lib557\libTeensyThreads.a(TeensyThreads.cpp.o)
                0x000064b8                threads_svcall_isr
 .text._ZL8gpt1_isrv
                0x00006500       0x18 .pio\build\teensy41\lib557\libTeensyThreads.a(TeensyThreads.cpp.o)
 .text._ZL8gpt2_isrv
                0x00006518       0x18 .pio\build\teensy41\lib557\libTeensyThreads.a(TeensyThreads.cpp.o)
 .text._ZN7Threads11del_processEv
                0x00006530       0x38 .pio\build\teensy41\lib557\libTeensyThreads.a(TeensyThreads.cpp.o)
                0x00006530                Threads::del_process()
 .text.stack_overflow_default_isr
                0x00006568       0x10 .pio\build\teensy41\lib557\libTeensyThreads.a(TeensyThreads.cpp.o)
                0x00006568                stack_overflow_default_isr
                0x00006568                stack_overflow_isr
 .text._Z9gtp1_initj
                0x00006578       0xb4 .pio\build\teensy41\lib557\libTeensyThreads.a(TeensyThreads.cpp.o)
                0x00006578                gtp1_init(unsigned int)
 .text._ZN7ThreadsC2Ev
                0x0000662c       0xcc .pio\build\teensy41\lib557\libTeensyThreads.a(TeensyThreads.cpp.o)
                0x0000662c                Threads::Threads()
                0x0000662c                Threads::Threads()
 .text._ZN7Threads13getNextThreadEv
                0x000066f8       0xa0 .pio\build\teensy41\lib557\libTeensyThreads.a(TeensyThreads.cpp.o)
                0x000066f8                Threads::getNextThread()
 .text.loadNextThread
                0x00006798        0xc .pio\build\teensy41\lib557\libTeensyThreads.a(TeensyThreads.cpp.o)
                0x00006798                loadNextThread
 .text._ZN7Threads9addThreadEPFvPvES0_iS0_
                0x000067a4      0x130 .pio\build\teensy41\lib557\libTeensyThreads.a(TeensyThreads.cpp.o)
                0x000067a4                Threads::addThread(void (*)(void*), void*, int, void*)
 .text._ZN7Threads5delayEi
                0x000068d4       0x1c .pio\build\teensy41\lib557\libTeensyThreads.a(TeensyThreads.cpp.o)
                0x000068d4                Threads::delay(int)
 .text.startup._GLOBAL__sub_I_threads
                0x000068f0        0xc .pio\build\teensy41\lib557\libTeensyThreads.a(TeensyThreads.cpp.o)
 .text          0x000068fc       0xac .pio\build\teensy41\lib557\libTeensyThreads.a(TeensyThreads-asm.S.o)
                0x000068fc                context_switch_direct
                0x00006900                context_switch_direct_active
                0x00006904                context_switch_pit_isr
                0x00006910                context_switch
 .text._ZN9ExFatFile8dirCacheEhh
                0x000069a8       0x3c .pio\build\teensy41\lib598\libSdFat.a(ExFatFile.cpp.o)
                0x000069a8                ExFatFile::dirCache(unsigned char, unsigned char)
 .text._ZN9ExFatFile5closeEv
                0x000069e4       0x14 .pio\build\teensy41\lib598\libSdFat.a(ExFatFile.cpp.o)
                0x000069e4                ExFatFile::close()
 .text._ZN9ExFatFile17getCreateDateTimeEPtS0_
                0x000069f8       0x24 .pio\build\teensy41\lib598\libSdFat.a(ExFatFile.cpp.o)
                0x000069f8                ExFatFile::getCreateDateTime(unsigned short*, unsigned short*)
 .text._ZN9ExFatFile17getModifyDateTimeEPtS0_
                0x00006a1c       0x24 .pio\build\teensy41\lib598\libSdFat.a(ExFatFile.cpp.o)
                0x00006a1c                ExFatFile::getModifyDateTime(unsigned short*, unsigned short*)
 .text._ZN9ExFatFile8openRootEP11ExFatVolume
                0x00006a40       0x28 .pio\build\teensy41\lib598\libSdFat.a(ExFatFile.cpp.o)
                0x00006a40                ExFatFile::openRoot(ExFatVolume*)
 .text._ZN9ExFatFile13parsePathNameEPKcP8ExName_tPS1_
                0x00006a68       0x9c .pio\build\teensy41\lib598\libSdFat.a(ExFatFile.cpp.o)
                0x00006a68                ExFatFile::parsePathName(char const*, ExName_t*, char const**)
 .text._ZN9ExFatFile4readEPvj
                0x00006b04      0x1a0 .pio\build\teensy41\lib598\libSdFat.a(ExFatFile.cpp.o)
                0x00006b04                ExFatFile::read(void*, unsigned int)
 .text._ZN9ExFatFile4peekEv
                0x00006ca4       0x2c .pio\build\teensy41\lib598\libSdFat.a(ExFatFile.cpp.o)
                0x00006ca4                ExFatFile::peek()
 .text._ZN9ExFatFile7seekSetEy
                0x00006cd0       0xec .pio\build\teensy41\lib598\libSdFat.a(ExFatFile.cpp.o)
                0x00006cd0                ExFatFile::seekSet(unsigned long long)
 .text._ZN9ExFatFile11openPrivateEPS_P8ExName_ti
                0x00006dbc      0x398 .pio\build\teensy41\lib598\libSdFat.a(ExFatFile.cpp.o)
                0x00006dbc                ExFatFile::openPrivate(ExFatFile*, ExName_t*, int)
 .text._ZN9ExFatFile4openEPS_PKci
                0x00007154       0xf8 .pio\build\teensy41\lib598\libSdFat.a(ExFatFile.cpp.o)
                0x00007154                ExFatFile::open(ExFatFile*, char const*, int)
 .text._ZN9ExFatFile4openEP11ExFatVolumePKci
                0x0000724c       0x10 .pio\build\teensy41\lib598\libSdFat.a(ExFatFile.cpp.o)
                0x0000724c                ExFatFile::open(ExFatVolume*, char const*, int)
 .text._ZN9ExFatFile8openNextEPS_i
                0x0000725c       0x24 .pio\build\teensy41\lib598\libSdFat.a(ExFatFile.cpp.o)
                0x0000725c                ExFatFile::openNext(ExFatFile*, int)
 .text._ZN9ExFatFile10addClusterEv
                0x00007280       0x94 .pio\build\teensy41\lib598\libSdFat.a(ExFatFileWrite.cpp.o)
                0x00007280                ExFatFile::addCluster()
 .text._ZN9ExFatFile6removeEv
                0x00007314       0xb4 .pio\build\teensy41\lib598\libSdFat.a(ExFatFileWrite.cpp.o)
                0x00007314                ExFatFile::remove()
 .text._ZN9ExFatFile5rmdirEv
                0x000073c8       0x60 .pio\build\teensy41\lib598\libSdFat.a(ExFatFileWrite.cpp.o)
                0x000073c8                ExFatFile::rmdir()
 .text._ZN9ExFatFile7syncDirEv
                0x00007428      0x138 .pio\build\teensy41\lib598\libSdFat.a(ExFatFileWrite.cpp.o)
                0x00007428                ExFatFile::syncDir()
 .text._ZN9ExFatFile4syncEv
                0x00007560       0x60 .pio\build\teensy41\lib598\libSdFat.a(ExFatFileWrite.cpp.o)
                0x00007560                ExFatFile::sync()
 .text._ZN9ExFatFile13addDirClusterEv
                0x000075c0       0xb0 .pio\build\teensy41\lib598\libSdFat.a(ExFatFileWrite.cpp.o)
                0x000075c0                ExFatFile::addDirCluster()
 .text._ZN9ExFatFile6renameEPS_PKc
                0x00007670       0xa4 .pio\build\teensy41\lib598\libSdFat.a(ExFatFileWrite.cpp.o)
                0x00007670                ExFatFile::rename(ExFatFile*, char const*)
 .text._ZN9ExFatFile5mkdirEPS_P8ExName_t
                0x00007714       0x60 .pio\build\teensy41\lib598\libSdFat.a(ExFatFileWrite.cpp.o)
                0x00007714                ExFatFile::mkdir(ExFatFile*, ExName_t*)
 .text._ZN9ExFatFile5mkdirEPS_PKcb
                0x00007774       0xd8 .pio\build\teensy41\lib598\libSdFat.a(ExFatFileWrite.cpp.o)
                0x00007774                ExFatFile::mkdir(ExFatFile*, char const*, bool)
 .text._ZN9ExFatFile9timestampEhthhhhh
                0x0000784c      0x178 .pio\build\teensy41\lib598\libSdFat.a(ExFatFileWrite.cpp.o)
                0x0000784c                ExFatFile::timestamp(unsigned char, unsigned short, unsigned char, unsigned char, unsigned char, unsigned char, unsigned char)
 .text._ZN9ExFatFile8truncateEv
                0x000079c4       0xe4 .pio\build\teensy41\lib598\libSdFat.a(ExFatFileWrite.cpp.o)
                0x000079c4                ExFatFile::truncate()
 .text._ZN9ExFatFile5writeEPKvj
                0x00007aa8      0x280 .pio\build\teensy41\lib598\libSdFat.a(ExFatFileWrite.cpp.o)
                0x00007aa8                ExFatFile::write(void const*, unsigned int)
 .text._ZN9ExFatFile7cmpNameEPK9DirName_tP8ExName_t
                0x00007d28       0x4c .pio\build\teensy41\lib598\libSdFat.a(ExFatName.cpp.o)
                0x00007d28                ExFatFile::cmpName(DirName_t const*, ExName_t*)
 .text._ZN9ExFatFile8getName8EPcj
                0x00007d74       0xcc .pio\build\teensy41\lib598\libSdFat.a(ExFatName.cpp.o)
                0x00007d74                ExFatFile::getName8(char*, unsigned int)
 .text._ZN9ExFatFile8hashNameEP8ExName_t
                0x00007e40       0x6c .pio\build\teensy41\lib598\libSdFat.a(ExFatName.cpp.o)
                0x00007e40                ExFatFile::hashName(ExName_t*)
 .text._ZN14ExFatPartition10bitmapFindEmm
                0x00007eac       0xc0 .pio\build\teensy41\lib598\libSdFat.a(ExFatPartition.cpp.o)
                0x00007eac                ExFatPartition::bitmapFind(unsigned long, unsigned long)
 .text._ZN14ExFatPartition12bitmapModifyEmmb
                0x00007f6c       0xac .pio\build\teensy41\lib598\libSdFat.a(ExFatPartition.cpp.o)
                0x00007f6c                ExFatPartition::bitmapModify(unsigned long, unsigned long, bool)
 .text._ZN14ExFatPartition9chainSizeEm
                0x00008018       0x4c .pio\build\teensy41\lib598\libSdFat.a(ExFatPartition.cpp.o)
                0x00008018                ExFatPartition::chainSize(unsigned long)
 .text._ZN14ExFatPartition8dirCacheEP8DirPos_th
                0x00008064       0x38 .pio\build\teensy41\lib598\libSdFat.a(ExFatPartition.cpp.o)
                0x00008064                ExFatPartition::dirCache(DirPos_t*, unsigned char)
 .text._ZN14ExFatPartition7dirSeekEP8DirPos_tm
                0x0000809c       0x84 .pio\build\teensy41\lib598\libSdFat.a(ExFatPartition.cpp.o)
                0x0000809c                ExFatPartition::dirSeek(DirPos_t*, unsigned long)
 .text._ZN14ExFatPartition6fatGetEmPm
                0x00008120       0x44 .pio\build\teensy41\lib598\libSdFat.a(ExFatPartition.cpp.o)
                0x00008120                ExFatPartition::fatGet(unsigned long, unsigned long*)
 .text._ZN14ExFatPartition6fatPutEmm
                0x00008164       0x40 .pio\build\teensy41\lib598\libSdFat.a(ExFatPartition.cpp.o)
                0x00008164                ExFatPartition::fatPut(unsigned long, unsigned long)
 .text._ZN14ExFatPartition9freeChainEm
                0x000081a4       0xc0 .pio\build\teensy41\lib598\libSdFat.a(ExFatPartition.cpp.o)
                0x000081a4                ExFatPartition::freeChain(unsigned long)
 .text._ZN14ExFatPartition16freeClusterCountEv
                0x00008264       0x6c .pio\build\teensy41\lib598\libSdFat.a(ExFatPartition.cpp.o)
                0x00008264                ExFatPartition::freeClusterCount()
 .text._ZN14ExFatPartition4initEP22FsBlockDeviceInterfaceh
                0x000082d0       0xe0 .pio\build\teensy41\lib598\libSdFat.a(ExFatPartition.cpp.o)
                0x000082d0                ExFatPartition::init(FsBlockDeviceInterface*, unsigned char)
 .text._ZN14ExFatPartition10rootLengthEv
                0x000083b0       0x18 .pio\build\teensy41\lib598\libSdFat.a(ExFatPartition.cpp.o)
                0x000083b0                ExFatPartition::rootLength()
 .text._ZN7FatFile4syncEv.part.0
                0x000083c8       0xb4 .pio\build\teensy41\lib598\libSdFat.a(FatFile.cpp.o)
 .text._ZN7FatFile10addClusterEv
                0x0000847c       0x34 .pio\build\teensy41\lib598\libSdFat.a(FatFile.cpp.o)
                0x0000847c                FatFile::addCluster()
 .text._ZN7FatFile13addDirClusterEv
                0x000084b0       0x78 .pio\build\teensy41\lib598\libSdFat.a(FatFile.cpp.o)
                0x000084b0                FatFile::addDirCluster()
 .text._ZN7FatFile13cacheDirEntryEh
                0x00008528       0x20 .pio\build\teensy41\lib598\libSdFat.a(FatFile.cpp.o)
                0x00008528                FatFile::cacheDirEntry(unsigned char)
 .text._ZN7FatFile5closeEv
                0x00008548       0x20 .pio\build\teensy41\lib598\libSdFat.a(FatFile.cpp.o)
                0x00008548                FatFile::close()
 .text._ZN7FatFile8dirEntryEP8DirFat_t
                0x00008568       0x54 .pio\build\teensy41\lib598\libSdFat.a(FatFile.cpp.o)
                0x00008568                FatFile::dirEntry(DirFat_t*)
 .text._ZN7FatFile17getCreateDateTimeEPtS0_
                0x000085bc       0x20 .pio\build\teensy41\lib598\libSdFat.a(FatFile.cpp.o)
                0x000085bc                FatFile::getCreateDateTime(unsigned short*, unsigned short*)
 .text._ZN7FatFile17getModifyDateTimeEPtS0_
                0x000085dc       0x20 .pio\build\teensy41\lib598\libSdFat.a(FatFile.cpp.o)
                0x000085dc                FatFile::getModifyDateTime(unsigned short*, unsigned short*)
 .text._ZN7FatFile5mkdirEPS_P8FatLfn_t
                0x000085fc      0x16c .pio\build\teensy41\lib598\libSdFat.a(FatFile.cpp.o)
                0x000085fc                FatFile::mkdir(FatFile*, FatLfn_t*)
 .text._ZN7FatFile5mkdirEPS_PKcb
                0x00008768       0xec .pio\build\teensy41\lib598\libSdFat.a(FatFile.cpp.o)
                0x00008768                FatFile::mkdir(FatFile*, char const*, bool)
 .text._ZN7FatFile4openEPS_PKci
                0x00008854      0x104 .pio\build\teensy41\lib598\libSdFat.a(FatFile.cpp.o)
                0x00008854                FatFile::open(FatFile*, char const*, int)
 .text._ZN7FatFile4openEP9FatVolumePKci
                0x00008958       0x10 .pio\build\teensy41\lib598\libSdFat.a(FatFile.cpp.o)
                0x00008958                FatFile::open(FatVolume*, char const*, int)
 .text._ZN7FatFile11openClusterEPS_
                0x00008968       0x5c .pio\build\teensy41\lib598\libSdFat.a(FatFile.cpp.o)
                0x00008968                FatFile::openCluster(FatFile*)
 .text._ZN7FatFile8openRootEP9FatVolume
                0x000089c4       0x3c .pio\build\teensy41\lib598\libSdFat.a(FatFile.cpp.o)
                0x000089c4                FatFile::openRoot(FatVolume*)
 .text._ZN7FatFile4readEPvj
                0x00008a00      0x1a8 .pio\build\teensy41\lib598\libSdFat.a(FatFile.cpp.o)
                0x00008a00                FatFile::read(void*, unsigned int)
 .text._ZN7FatFile4peekEv
                0x00008ba8       0x28 .pio\build\teensy41\lib598\libSdFat.a(FatFile.cpp.o)
                0x00008ba8                FatFile::peek()
 .text._ZN7FatFile12readDirCacheEb
                0x00008bd0       0x44 .pio\build\teensy41\lib598\libSdFat.a(FatFile.cpp.o)
                0x00008bd0                FatFile::readDirCache(bool)
 .text._ZN7FatFile6renameEPS_PKc
                0x00008c14      0x1ec .pio\build\teensy41\lib598\libSdFat.a(FatFile.cpp.o)
                0x00008c14                FatFile::rename(FatFile*, char const*)
 .text._ZN7FatFile5rmdirEv
                0x00008e00       0x90 .pio\build\teensy41\lib598\libSdFat.a(FatFile.cpp.o)
                0x00008e00                FatFile::rmdir()
 .text._ZN7FatFile7seekSetEm
                0x00008e90       0xb0 .pio\build\teensy41\lib598\libSdFat.a(FatFile.cpp.o)
                0x00008e90                FatFile::seekSet(unsigned long)
 .text._ZN7FatFile15openCachedEntryEPS_tih
                0x00008f40       0xe4 .pio\build\teensy41\lib598\libSdFat.a(FatFile.cpp.o)
                0x00008f40                FatFile::openCachedEntry(FatFile*, unsigned short, int, unsigned char)
 .text._ZN7FatFile8openNextEPS_i
                0x00009024       0xcc .pio\build\teensy41\lib598\libSdFat.a(FatFile.cpp.o)
                0x00009024                FatFile::openNext(FatFile*, int)
 .text._ZN7FatFile4syncEv
                0x000090f0        0xc .pio\build\teensy41\lib598\libSdFat.a(FatFile.cpp.o)
                0x000090f0                FatFile::sync()
 .text._ZN7FatFile9timestampEhthhhhh
                0x000090fc       0xd8 .pio\build\teensy41\lib598\libSdFat.a(FatFile.cpp.o)
                0x000090fc                FatFile::timestamp(unsigned char, unsigned short, unsigned char, unsigned char, unsigned char, unsigned char, unsigned char)
 .text._ZN7FatFile8truncateEv
                0x000091d4       0x74 .pio\build\teensy41\lib598\libSdFat.a(FatFile.cpp.o)
                0x000091d4                FatFile::truncate()
 .text._ZN7FatFile5writeEPKvj
                0x00009248      0x1b4 .pio\build\teensy41\lib598\libSdFat.a(FatFile.cpp.o)
                0x00009248                FatFile::write(void const*, unsigned int)
 .text._ZN7FatFile7cmpNameEtP8FatLfn_th
                0x000093fc       0xbc .pio\build\teensy41\lib598\libSdFat.a(FatFileLFN.cpp.o)
                0x000093fc                FatFile::cmpName(unsigned short, FatLfn_t*, unsigned char)
 .text._ZN7FatFile9createLFNEtP8FatLfn_th
                0x000094b8      0x124 .pio\build\teensy41\lib598\libSdFat.a(FatFileLFN.cpp.o)
                0x000094b8                FatFile::createLFN(unsigned short, FatLfn_t*, unsigned char)
 .text._ZN7FatFile7makeSFNEP8FatLfn_t
                0x000095dc      0x168 .pio\build\teensy41\lib598\libSdFat.a(FatFileLFN.cpp.o)
                0x000095dc                FatFile::makeSFN(FatLfn_t*)
 .text._ZN7FatFile13makeUniqueSfnEP8FatLfn_t
                0x00009744       0xb4 .pio\build\teensy41\lib598\libSdFat.a(FatFileLFN.cpp.o)
                0x00009744                FatFile::makeUniqueSfn(FatLfn_t*)
 .text._ZN7FatFile4openEPS_P8FatLfn_ti
                0x000097f8      0x298 .pio\build\teensy41\lib598\libSdFat.a(FatFileLFN.cpp.o)
                0x000097f8                FatFile::open(FatFile*, FatLfn_t*, int)
 .text._ZN7FatFile13parsePathNameEPKcP8FatLfn_tPS1_
                0x00009a90       0xd4 .pio\build\teensy41\lib598\libSdFat.a(FatFileLFN.cpp.o)
                0x00009a90                FatFile::parsePathName(char const*, FatLfn_t*, char const**)
 .text._ZN7FatFile6removeEv
                0x00009b64      0x110 .pio\build\teensy41\lib598\libSdFat.a(FatFileLFN.cpp.o)
                0x00009b64                FatFile::remove()
 .text._ZN7FatFile10getLfnCharEP8DirLfn_th
                0x00009c74       0x2c .pio\build\teensy41\lib598\libSdFat.a(FatName.cpp.o)
                0x00009c74                FatFile::getLfnChar(DirLfn_t*, unsigned char)
 .text._ZN7FatFile6getSFNEPcj
                0x00009ca0       0x94 .pio\build\teensy41\lib598\libSdFat.a(FatName.cpp.o)
                0x00009ca0                FatFile::getSFN(char*, unsigned int)
 .text._ZN7FatFile8getName8EPcj
                0x00009d34      0x110 .pio\build\teensy41\lib598\libSdFat.a(FatName.cpp.o)
                0x00009d34                FatFile::getName8(char*, unsigned int)
 .text._ZN7FatFile7getNameEPcj
                0x00009e44        0x4 .pio\build\teensy41\lib598\libSdFat.a(FatName.cpp.o)
                0x00009e44                FatFile::getName(char*, unsigned int)
 .text._ZN22FsBlockDeviceInterface19readSectorsCallbackEmPhjPFvmS0_PvES1_
                0x00009e48       0x44 .pio\build\teensy41\lib598\libSdFat.a(FatPartition.cpp.o)
                0x00009e48                FsBlockDeviceInterface::readSectorsCallback(unsigned long, unsigned char*, unsigned int, void (*)(unsigned long, unsigned char*, void*), void*)
 .text._ZN12FatPartition25freeClusterCount_cb_fat16EmPhPv
                0x00009e8c       0x34 .pio\build\teensy41\lib598\libSdFat.a(FatPartition.cpp.o)
                0x00009e8c                FatPartition::freeClusterCount_cb_fat16(unsigned long, unsigned char*, void*)
 .text._ZN12FatPartition25freeClusterCount_cb_fat32EmPhPv
                0x00009ec0       0x34 .pio\build\teensy41\lib598\libSdFat.a(FatPartition.cpp.o)
                0x00009ec0                FatPartition::freeClusterCount_cb_fat32(unsigned long, unsigned char*, void*)
 .text._ZN12FatPartition6fatGetEmPm.part.0
                0x00009ef4       0xfc .pio\build\teensy41\lib598\libSdFat.a(FatPartition.cpp.o)
 .text._ZN12FatPartition6fatPutEmm.part.0
                0x00009ff0      0x10c .pio\build\teensy41\lib598\libSdFat.a(FatPartition.cpp.o)
 .text._ZN12FatPartition15allocateClusterEmPm
                0x0000a0fc       0x9c .pio\build\teensy41\lib598\libSdFat.a(FatPartition.cpp.o)
                0x0000a0fc                FatPartition::allocateCluster(unsigned long, unsigned long*)
 .text._ZN12FatPartition6fatGetEmPm
                0x0000a198       0x24 .pio\build\teensy41\lib598\libSdFat.a(FatPartition.cpp.o)
                0x0000a198                FatPartition::fatGet(unsigned long, unsigned long*)
 .text._ZN12FatPartition6fatPutEmm
                0x0000a1bc       0x20 .pio\build\teensy41\lib598\libSdFat.a(FatPartition.cpp.o)
                0x0000a1bc                FatPartition::fatPut(unsigned long, unsigned long)
 .text._ZN12FatPartition9freeChainEm
                0x0000a1dc       0x58 .pio\build\teensy41\lib598\libSdFat.a(FatPartition.cpp.o)
                0x0000a1dc                FatPartition::freeChain(unsigned long)
 .text._ZN12FatPartition16freeClusterCountEv
                0x0000a234      0x1c8 .pio\build\teensy41\lib598\libSdFat.a(FatPartition.cpp.o)
                0x0000a234                FatPartition::freeClusterCount()
 .text._ZN12FatPartition4initEP22FsBlockDeviceInterfaceh
                0x0000a3fc      0x124 .pio\build\teensy41\lib598\libSdFat.a(FatPartition.cpp.o)
                0x0000a3fc                FatPartition::init(FsBlockDeviceInterface*, unsigned char)
 .text._ZN10FsBaseFileC2ERKS_
                0x0000a520       0x84 .pio\build\teensy41\lib598\libSdFat.a(FsFile.cpp.o)
                0x0000a520                FsBaseFile::FsBaseFile(FsBaseFile const&)
                0x0000a520                FsBaseFile::FsBaseFile(FsBaseFile const&)
 .text._ZN10FsBaseFile5closeEv
                0x0000a5a4       0x28 .pio\build\teensy41\lib598\libSdFat.a(FsFile.cpp.o)
                0x0000a5a4                FsBaseFile::close()
 .text._ZN10FsBaseFile4openEP8FsVolumePKci
                0x0000a5cc       0xb0 .pio\build\teensy41\lib598\libSdFat.a(FsFile.cpp.o)
                0x0000a5cc                FsBaseFile::open(FsVolume*, char const*, int)
 .text._ZN10FsBaseFile8openNextEPS_i
                0x0000a67c       0x74 .pio\build\teensy41\lib598\libSdFat.a(FsFile.cpp.o)
                0x0000a67c                FsBaseFile::openNext(FsBaseFile*, int)
 .text._ZnwjPm  0x0000a6f0        0x4 .pio\build\teensy41\lib598\libSdFat.a(FsNew.cpp.o)
                0x0000a6f0                operator new(unsigned int, unsigned long*)
 .text._ZN8FsVolume5beginEP22FsBlockDeviceInterfacebh
                0x0000a6f4       0xe4 .pio\build\teensy41\lib598\libSdFat.a(FsVolume.cpp.o)
                0x0000a6f4                FsVolume::begin(FsBlockDeviceInterface*, bool, unsigned char)
 .text._ZN8FsVolume4openEPKci
                0x0000a7d8       0x28 .pio\build\teensy41\lib598\libSdFat.a(FsVolume.cpp.o)
                0x0000a7d8                FsVolume::open(char const*, int)
 .text._ZN7FsCache4syncEv
                0x0000a800       0x58 .pio\build\teensy41\lib598\libSdFat.a(FsCache.cpp.o)
                0x0000a800                FsCache::sync()
 .text._ZN7FsCache7prepareEmh
                0x0000a858       0x50 .pio\build\teensy41\lib598\libSdFat.a(FsCache.cpp.o)
                0x0000a858                FsCache::prepare(unsigned long, unsigned char)
 .text._ZL12dateTimeMs10PtS_Ph
                0x0000a8a8       0x14 .pio\build\teensy41\lib598\libSdFat.a(FsDateTime.cpp.o)
 .text._ZN10FsDateTime11setCallbackEPFvPtS0_E
                0x0000a8bc       0x18 .pio\build\teensy41\lib598\libSdFat.a(FsDateTime.cpp.o)
                0x0000a8bc                FsDateTime::setCallback(void (*)(unsigned short*, unsigned short*))
 .text._ZN6FsName5get16Ev
                0x0000a8d4       0x4c .pio\build\teensy41\lib598\libSdFat.a(FsName.cpp.o)
                0x0000a8d4                FsName::get16()
 .text._ZN5FsUtf6cpToMbEmPcS0_
                0x0000a920       0xa4 .pio\build\teensy41\lib598\libSdFat.a(FsUtf.cpp.o)
                0x0000a920                FsUtf::cpToMb(unsigned long, char*, char*)
 .text._ZN5FsUtf6mbToCpEPKcS1_Pm
                0x0000a9c4       0x98 .pio\build\teensy41\lib598\libSdFat.a(FsUtf.cpp.o)
                0x0000a9c4                FsUtf::mbToCp(char const*, char const*, unsigned long*)
 .text._Z8toUpcaset
                0x0000aa5c       0xb8 .pio\build\teensy41\lib598\libSdFat.a(upcase.cpp.o)
                0x0000aa5c                toUpcase(unsigned short)
 .text._ZN7SDClassD2Ev
                0x0000ab14        0x4 .pio\build\teensy41\lib4c5\libSD.a(SD.cpp.o)
                0x0000ab14                SDClass::~SDClass()
                0x0000ab14                SDClass::~SDClass()
 .text._ZN7SDClass8dateTimeEPtS0_
                0x0000ab18       0x84 .pio\build\teensy41\lib4c5\libSD.a(SD.cpp.o)
                0x0000ab18                SDClass::dateTime(unsigned short*, unsigned short*)
 .text._ZN7SDClass4openEPKch
                0x0000ab9c       0xc8 .pio\build\teensy41\lib4c5\libSD.a(SD.cpp.o)
                0x0000ab9c                SDClass::open(char const*, unsigned char)
 .text._ZN7SDClass5rmdirEPKc
                0x0000ac64       0x54 .pio\build\teensy41\lib4c5\libSD.a(SD.cpp.o)
                0x0000ac64                SDClass::rmdir(char const*)
 .text._ZN7SDClass6renameEPKcS1_
                0x0000acb8       0x64 .pio\build\teensy41\lib4c5\libSD.a(SD.cpp.o)
                0x0000acb8                SDClass::rename(char const*, char const*)
 .text._ZN7SDClass6removeEPKc
                0x0000ad1c       0x54 .pio\build\teensy41\lib4c5\libSD.a(SD.cpp.o)
                0x0000ad1c                SDClass::remove(char const*)
 .text._ZN7SDClass5mkdirEPKc
                0x0000ad70       0x3c .pio\build\teensy41\lib4c5\libSD.a(SD.cpp.o)
                0x0000ad70                SDClass::mkdir(char const*)
 .text._ZN7SDClass6existsEPKc
                0x0000adac       0x38 .pio\build\teensy41\lib4c5\libSD.a(SD.cpp.o)
                0x0000adac                SDClass::exists(char const*)
 .text._ZN7SDClass8usedSizeEv
                0x0000ade4       0xf0 .pio\build\teensy41\lib4c5\libSD.a(SD.cpp.o)
                0x0000ade4                SDClass::usedSize()
 .text._ZN7SDClass9totalSizeEv
                0x0000aed4       0x3c .pio\build\teensy41\lib4c5\libSD.a(SD.cpp.o)
                0x0000aed4                SDClass::totalSize()
 .text._ZN7SDClass6formatEicR5Print
                0x0000af10       0xdc .pio\build\teensy41\lib4c5\libSD.a(SD.cpp.o)
                0x0000af10                SDClass::format(int, char, Print&)
 .text._ZN7SDClass12mediaPresentEv
                0x0000afec      0x110 .pio\build\teensy41\lib4c5\libSD.a(SD.cpp.o)
                0x0000afec                SDClass::mediaPresent()
 .text._ZN7SDClass5beginEh
                0x0000b0fc       0xd4 .pio\build\teensy41\lib4c5\libSD.a(SD.cpp.o)
                0x0000b0fc                SDClass::begin(unsigned char)
 .text.startup._GLOBAL__sub_I_SD
                0x0000b1d0       0x80 .pio\build\teensy41\lib4c5\libSD.a(SD.cpp.o)
 .text._ZN16AudioAnalyzePeak6updateEv
                0x0000b250       0x44 .pio\build\teensy41\lib088\libAudio.a(analyze_peak.cpp.o)
                0x0000b250                AudioAnalyzePeak::update()
 .text._ZN15AudioAnalyzeRMS6updateEv
                0x0000b294       0x5c .pio\build\teensy41\lib088\libAudio.a(analyze_rms.cpp.o)
                0x0000b294                AudioAnalyzeRMS::update()
 .text._ZN20AudioControlSGTL50007disableEv
                0x0000b2f0        0x4 .pio\build\teensy41\lib088\libAudio.a(control_sgtl5000.cpp.o)
                0x0000b2f0                AudioControlSGTL5000::disable()
 .text._ZN20AudioControlSGTL500010inputLevelEf
                0x0000b2f4        0x4 .pio\build\teensy41\lib088\libAudio.a(control_sgtl5000.cpp.o)
                0x0000b2f4                AudioControlSGTL5000::inputLevel(float)
 .text._ZN20AudioControlSGTL50004readEj
                0x0000b2f8       0x84 .pio\build\teensy41\lib088\libAudio.a(control_sgtl5000.cpp.o)
                0x0000b2f8                AudioControlSGTL5000::read(unsigned int)
 .text._ZN20AudioControlSGTL50005writeEjj
                0x0000b37c       0x5c .pio\build\teensy41\lib088\libAudio.a(control_sgtl5000.cpp.o)
                0x0000b37c                AudioControlSGTL5000::write(unsigned int, unsigned int)
 .text._ZN20AudioControlSGTL50006enableEjm.part.0
                0x0000b3d8      0x184 .pio\build\teensy41\lib088\libAudio.a(control_sgtl5000.cpp.o)
 .text._ZN20AudioControlSGTL50006enableEv
                0x0000b55c       0x30 .pio\build\teensy41\lib088\libAudio.a(control_sgtl5000.cpp.o)
                0x0000b55c                AudioControlSGTL5000::enable()
 .text._ZN20AudioControlSGTL500011inputSelectEi
                0x0000b58c       0x5c .pio\build\teensy41\lib088\libAudio.a(control_sgtl5000.cpp.o)
                0x0000b58c                AudioControlSGTL5000::inputSelect(int)
 .text._ZN20AudioControlSGTL50007micGainEj
                0x0000b5e8       0x7c .pio\build\teensy41\lib088\libAudio.a(control_sgtl5000.cpp.o)
                0x0000b5e8                AudioControlSGTL5000::micGain(unsigned int)
 .text._ZN20AudioControlSGTL50006volumeEf
                0x0000b664       0x88 .pio\build\teensy41\lib088\libAudio.a(control_sgtl5000.cpp.o)
                0x0000b664                AudioControlSGTL5000::volume(float)
 .text._ZN13AudioInputI2S3isrEv
                0x0000b6ec       0xc4 .pio\build\teensy41\lib088\libAudio.a(input_i2s.cpp.o)
                0x0000b6ec                AudioInputI2S::isr()
 .text._ZN13AudioInputI2S6updateEv
                0x0000b7b0       0x9c .pio\build\teensy41\lib088\libAudio.a(input_i2s.cpp.o)
                0x0000b7b0                AudioInputI2S::update()
 .text._ZN10DMAChannelD2Ev
                0x0000b84c        0xc .pio\build\teensy41\lib088\libAudio.a(input_i2s.cpp.o)
                0x0000b84c                DMAChannel::~DMAChannel()
                0x0000b84c                DMAChannel::~DMAChannel()
 .text._ZN13AudioInputI2S5beginEv
                0x0000b858       0xcc .pio\build\teensy41\lib088\libAudio.a(input_i2s.cpp.o)
                0x0000b858                AudioInputI2S::begin()
 .text.startup._GLOBAL__sub_I__ZN13AudioInputI2S10block_leftE
                0x0000b924       0x18 .pio\build\teensy41\lib088\libAudio.a(input_i2s.cpp.o)
 .text._ZN14AudioOutputI2S10config_i2sEb
                0x0000b93c       0xdc .pio\build\teensy41\lib088\libAudio.a(output_i2s.cpp.o)
                0x0000b93c                AudioOutputI2S::config_i2s(bool)
 .text.startup._GLOBAL__sub_I__ZN14AudioOutputI2S14block_left_1stE
                0x0000ba18       0x18 .pio\build\teensy41\lib088\libAudio.a(output_i2s.cpp.o)
 .text._ZN16AudioRecordQueue6updateEv
                0x0000ba30       0x40 .pio\build\teensy41\lib088\libAudio.a(record_queue.cpp.o)
                0x0000ba30                AudioRecordQueue::update()
 .text._ZN16AudioRecordQueue5clearEv
                0x0000ba70       0x48 .pio\build\teensy41\lib088\libAudio.a(record_queue.cpp.o)
                0x0000ba70                AudioRecordQueue::clear()
 .text._ZN10ILI9341_T413DiffBuffDummy8initReadEv
                0x0000bab8        0x8 .pio\build\teensy41\lib0ea\libILI9341_T4.a(DiffBuff.cpp.o)
                0x0000bab8                ILI9341_T4::DiffBuffDummy::initRead()
 .text._ZN10ILI9341_T413DiffBuffDummy7initRawEv
                0x0000bac0        0x8 .pio\build\teensy41\lib0ea\libILI9341_T4.a(DiffBuff.cpp.o)
                0x0000bac0                ILI9341_T4::DiffBuffDummy::initRaw()
 .text._ZN10ILI9341_T413DiffBuffDummy7readRawERiS1_
                0x0000bac8       0x54 .pio\build\teensy41\lib0ea\libILI9341_T4.a(DiffBuff.cpp.o)
                0x0000bac8                ILI9341_T4::DiffBuffDummy::readRaw(int&, int&)
 .text._ZNK10ILI9341_T413DiffBuffDummy10printStatsEP6Stream
                0x0000bb1c       0x10 .pio\build\teensy41\lib0ea\libILI9341_T4.a(DiffBuff.cpp.o)
                0x0000bb1c                ILI9341_T4::DiffBuffDummy::printStats(Stream*) const
 .text._ZN10ILI9341_T48DiffBuff12_write_chunkEmm
                0x0000bb2c       0xdc .pio\build\teensy41\lib0ea\libILI9341_T4.a(DiffBuff.cpp.o)
                0x0000bb2c                ILI9341_T4::DiffBuff::_write_chunk(unsigned long, unsigned long)
 .text._ZN10ILI9341_T413DiffBuffDummy11computeDiffEPtPNS_12DiffBuffBaseEPKtiiiiiiibt
                0x0000bc08       0x54 .pio\build\teensy41\lib0ea\libILI9341_T4.a(DiffBuff.cpp.o)
                0x0000bc08                ILI9341_T4::DiffBuffDummy::computeDiff(unsigned short*, ILI9341_T4::DiffBuffBase*, unsigned short const*, int, int, int, int, int, int, int, bool, unsigned short)
 .text._ZN10ILI9341_T413DiffBuffDummy11computeDiffEPtPKtiibt
                0x0000bc5c       0x3c .pio\build\teensy41\lib0ea\libILI9341_T4.a(DiffBuff.cpp.o)
                0x0000bc5c                ILI9341_T4::DiffBuffDummy::computeDiff(unsigned short*, unsigned short const*, int, int, bool, unsigned short)
 .text._ZN10ILI9341_T48DiffBuff12_computeDiffILb1ELb0EEEvPtPKtiit
                0x0000bc98      0x2c8 .pio\build\teensy41\lib0ea\libILI9341_T4.a(DiffBuff.cpp.o)
                0x0000bc98                void ILI9341_T4::DiffBuff::_computeDiff<true, false>(unsigned short*, unsigned short const*, int, int, unsigned short)
 .text._ZN10ILI9341_T48DiffBuff12_computeDiffILb0ELb0EEEvPtPKtiit
                0x0000bf60      0x2b4 .pio\build\teensy41\lib0ea\libILI9341_T4.a(DiffBuff.cpp.o)
                0x0000bf60                void ILI9341_T4::DiffBuff::_computeDiff<false, false>(unsigned short*, unsigned short const*, int, int, unsigned short)
 .text._ZN10ILI9341_T48DiffBuff13_computeDiff0ILb1ELb1EEEvPtPKtit
                0x0000c214       0xa8 .pio\build\teensy41\lib0ea\libILI9341_T4.a(DiffBuff.cpp.o)
                0x0000c214                void ILI9341_T4::DiffBuff::_computeDiff0<true, true>(unsigned short*, unsigned short const*, int, unsigned short)
 .text._ZN10ILI9341_T48DiffBuff13_computeDiff1ILb1ELb1EEEvPtPKtit
                0x0000c2bc       0xd0 .pio\build\teensy41\lib0ea\libILI9341_T4.a(DiffBuff.cpp.o)
                0x0000c2bc                void ILI9341_T4::DiffBuff::_computeDiff1<true, true>(unsigned short*, unsigned short const*, int, unsigned short)
 .text._ZN10ILI9341_T48DiffBuff13_computeDiff2ILb1ELb1EEEvPtPKtit
                0x0000c38c       0xc8 .pio\build\teensy41\lib0ea\libILI9341_T4.a(DiffBuff.cpp.o)
                0x0000c38c                void ILI9341_T4::DiffBuff::_computeDiff2<true, true>(unsigned short*, unsigned short const*, int, unsigned short)
 .text._ZN10ILI9341_T48DiffBuff13_computeDiff3ILb1ELb1EEEvPtPKtit
                0x0000c454       0xc8 .pio\build\teensy41\lib0ea\libILI9341_T4.a(DiffBuff.cpp.o)
                0x0000c454                void ILI9341_T4::DiffBuff::_computeDiff3<true, true>(unsigned short*, unsigned short const*, int, unsigned short)
 .text._ZN10ILI9341_T48DiffBuff13_computeDiff0ILb0ELb1EEEvPtPKtit
                0x0000c51c       0xa0 .pio\build\teensy41\lib0ea\libILI9341_T4.a(DiffBuff.cpp.o)
                0x0000c51c                void ILI9341_T4::DiffBuff::_computeDiff0<false, true>(unsigned short*, unsigned short const*, int, unsigned short)
 .text._ZN10ILI9341_T48DiffBuff13_computeDiff1ILb0ELb1EEEvPtPKtit
                0x0000c5bc       0xc8 .pio\build\teensy41\lib0ea\libILI9341_T4.a(DiffBuff.cpp.o)
                0x0000c5bc                void ILI9341_T4::DiffBuff::_computeDiff1<false, true>(unsigned short*, unsigned short const*, int, unsigned short)
 .text._ZN10ILI9341_T48DiffBuff13_computeDiff2ILb0ELb1EEEvPtPKtit
                0x0000c684       0xc0 .pio\build\teensy41\lib0ea\libILI9341_T4.a(DiffBuff.cpp.o)
                0x0000c684                void ILI9341_T4::DiffBuff::_computeDiff2<false, true>(unsigned short*, unsigned short const*, int, unsigned short)
 .text._ZN10ILI9341_T48DiffBuff13_computeDiff3ILb0ELb1EEEvPtPKtit
                0x0000c744       0xc0 .pio\build\teensy41\lib0ea\libILI9341_T4.a(DiffBuff.cpp.o)
                0x0000c744                void ILI9341_T4::DiffBuff::_computeDiff3<false, true>(unsigned short*, unsigned short const*, int, unsigned short)
 .text._ZN10ILI9341_T413ILI9341Driver26_spiInterruptSPI0_softwareEv
                0x0000c804       0x7c .pio\build\teensy41\lib0ea\libILI9341_T4.a(ILI9341Driver.cpp.o)
                0x0000c804                ILI9341_T4::ILI9341Driver::_spiInterruptSPI0_software()
 .text._ZN10ILI9341_T413ILI9341Driver26_spiInterruptSPI1_softwareEv
                0x0000c880       0x7c .pio\build\teensy41\lib0ea\libILI9341_T4.a(ILI9341Driver.cpp.o)
                0x0000c880                ILI9341_T4::ILI9341Driver::_spiInterruptSPI1_software()
 .text._ZN10ILI9341_T413ILI9341Driver26_spiInterruptSPI2_softwareEv
                0x0000c8fc       0x7c .pio\build\teensy41\lib0ea\libILI9341_T4.a(ILI9341Driver.cpp.o)
                0x0000c8fc                ILI9341_T4::ILI9341Driver::_spiInterruptSPI2_software()
 .text._ZN10ILI9341_T413ILI9341Driver11_touch_int0Ev
                0x0000c978       0x24 .pio\build\teensy41\lib0ea\libILI9341_T4.a(ILI9341Driver.cpp.o)
                0x0000c978                ILI9341_T4::ILI9341Driver::_touch_int0()
 .text._ZN10ILI9341_T413ILI9341Driver11_touch_int1Ev
                0x0000c99c       0x24 .pio\build\teensy41\lib0ea\libILI9341_T4.a(ILI9341Driver.cpp.o)
                0x0000c99c                ILI9341_T4::ILI9341Driver::_touch_int1()
 .text._ZN10ILI9341_T413ILI9341Driver11_touch_int2Ev
                0x0000c9c0       0x24 .pio\build\teensy41\lib0ea\libILI9341_T4.a(ILI9341Driver.cpp.o)
                0x0000c9c0                ILI9341_T4::ILI9341Driver::_touch_int2()
 .text._ZN10ILI9341_T413ILI9341Driver11_touch_int3Ev
                0x0000c9e4       0x24 .pio\build\teensy41\lib0ea\libILI9341_T4.a(ILI9341Driver.cpp.o)
                0x0000c9e4                ILI9341_T4::ILI9341Driver::_touch_int3()
 .text._ZZN6teensy23inplace_function_detail6vtableIvJEEC4IPFvvEEENS0_7wrapperIT_EEENUlPvE_4_FUNES9_
                0x0000ca08        0x4 .pio\build\teensy41\lib0ea\libILI9341_T4.a(ILI9341Driver.cpp.o)
                0x0000ca08                teensy::inplace_function_detail::vtable<void>::vtable<void (*)()>(teensy::inplace_function_detail::wrapper<void (*)()>)::{lambda(void*)#1}::_FUN(void*)
 .text._ZZN6teensy23inplace_function_detail6vtableIvJEEC4IPFvvEEENS0_7wrapperIT_EEENUlPvS9_E0_4_FUNES9_S9_
                0x0000ca0c        0x8 .pio\build\teensy41\lib0ea\libILI9341_T4.a(ILI9341Driver.cpp.o)
                0x0000ca0c                teensy::inplace_function_detail::vtable<void>::vtable<void (*)()>(teensy::inplace_function_detail::wrapper<void (*)()>)::{lambda(void*, void*)#2}::_FUN(void*, void*)
 .text._ZZN6teensy23inplace_function_detail6vtableIvJEEC4IPFvvEEENS0_7wrapperIT_EEENUlPvS9_E1_4_FUNES9_S9_
                0x0000ca14        0x8 .pio\build\teensy41\lib0ea\libILI9341_T4.a(ILI9341Driver.cpp.o)
                0x0000ca14                teensy::inplace_function_detail::vtable<void>::vtable<void (*)()>(teensy::inplace_function_detail::wrapper<void (*)()>)::{lambda(void*, void*)#3}::_FUN(void*, void*)
 .text._ZZN6teensy23inplace_function_detail6vtableIvJEEC4IPFvvEEENS0_7wrapperIT_EEENUlPvE2_4_FUNES9_
                0x0000ca1c        0x4 .pio\build\teensy41\lib0ea\libILI9341_T4.a(ILI9341Driver.cpp.o)
                0x0000ca1c                teensy::inplace_function_detail::vtable<void>::vtable<void (*)()>(teensy::inplace_function_detail::wrapper<void (*)()>)::{lambda(void*)#4}::_FUN(void*)
 .text._ZN10ILI9341_T413ILI9341Driver7_pitcb3Ev
                0x0000ca20       0x5c .pio\build\teensy41\lib0ea\libILI9341_T4.a(ILI9341Driver.cpp.o)
                0x0000ca20                ILI9341_T4::ILI9341Driver::_pitcb3()
 .text._ZN10ILI9341_T413ILI9341Driver7_pitcb2Ev
                0x0000ca7c       0x5c .pio\build\teensy41\lib0ea\libILI9341_T4.a(ILI9341Driver.cpp.o)
                0x0000ca7c                ILI9341_T4::ILI9341Driver::_pitcb2()
 .text._ZN10ILI9341_T413ILI9341Driver7_pitcb1Ev
                0x0000cad8       0x5c .pio\build\teensy41\lib0ea\libILI9341_T4.a(ILI9341Driver.cpp.o)
                0x0000cad8                ILI9341_T4::ILI9341Driver::_pitcb1()
 .text._ZN10ILI9341_T413ILI9341Driver7_pitcb0Ev
                0x0000cb34       0x5c .pio\build\teensy41\lib0ea\libILI9341_T4.a(ILI9341Driver.cpp.o)
                0x0000cb34                ILI9341_T4::ILI9341Driver::_pitcb0()
 .text._ZN16usb_serial_class5writeEh
                0x0000cb90        0x8 .pio\build\teensy41\lib0ea\libILI9341_T4.a(ILI9341Driver.cpp.o)
                0x0000cb90                usb_serial_class::write(unsigned char)
 .text._ZN8SPIClass16beginTransactionE11SPISettings
                0x0000cb98      0x110 .pio\build\teensy41\lib0ea\libILI9341_T4.a(ILI9341Driver.cpp.o)
                0x0000cb98                SPIClass::beginTransaction(SPISettings)
 .text._ZN10ILI9341_T413ILI9341Driver13_readcommand8Ehhi.part.0
                0x0000cca8      0x2cc .pio\build\teensy41\lib0ea\libILI9341_T4.a(ILI9341Driver.cpp.o)
 .text._ZN10ILI9341_T413ILI9341Driver12_getScanLineEb
                0x0000cf74      0x2ec .pio\build\teensy41\lib0ea\libILI9341_T4.a(ILI9341Driver.cpp.o)
                0x0000cf74                ILI9341_T4::ILI9341Driver::_getScanLine(bool)
 .text._ZN10ILI9341_T413ILI9341Driver18_sampleRefreshRateEv.part.0
                0x0000d260      0x198 .pio\build\teensy41\lib0ea\libILI9341_T4.a(ILI9341Driver.cpp.o)
 .text._ZNK10ILI9341_T413ILI9341Driver19_modeForRefreshRateEf
                0x0000d3f8      0x110 .pio\build\teensy41\lib0ea\libILI9341_T4.a(ILI9341Driver.cpp.o)
                0x0000d3f8                ILI9341_T4::ILI9341Driver::_modeForRefreshRate(float) const
 .text._ZN10ILI9341_T413ILI9341Driver17_pushpixels_mode0EPKtiii
                0x0000d508       0xd0 .pio\build\teensy41\lib0ea\libILI9341_T4.a(ILI9341Driver.cpp.o)
                0x0000d508                ILI9341_T4::ILI9341Driver::_pushpixels_mode0(unsigned short const*, int, int, int)
 .text._ZN10ILI9341_T413ILI9341Driver17_pushpixels_mode1EPKtiii
                0x0000d5d8       0xd4 .pio\build\teensy41\lib0ea\libILI9341_T4.a(ILI9341Driver.cpp.o)
                0x0000d5d8                ILI9341_T4::ILI9341Driver::_pushpixels_mode1(unsigned short const*, int, int, int)
 .text._ZN10ILI9341_T413ILI9341Driver17_pushpixels_mode2EPKtiii
                0x0000d6ac       0xe0 .pio\build\teensy41\lib0ea\libILI9341_T4.a(ILI9341Driver.cpp.o)
                0x0000d6ac                ILI9341_T4::ILI9341Driver::_pushpixels_mode2(unsigned short const*, int, int, int)
 .text._ZN10ILI9341_T413ILI9341Driver17_pushpixels_mode3EPKtiii
                0x0000d78c       0xd8 .pio\build\teensy41\lib0ea\libILI9341_T4.a(ILI9341Driver.cpp.o)
                0x0000d78c                ILI9341_T4::ILI9341Driver::_pushpixels_mode3(unsigned short const*, int, int, int)
 .text._ZN10ILI9341_T413ILI9341Driver13_readcommand8Ehhi
                0x0000d864       0x2c .pio\build\teensy41\lib0ea\libILI9341_T4.a(ILI9341Driver.cpp.o)
                0x0000d864                ILI9341_T4::ILI9341Driver::_readcommand8(unsigned char, unsigned char, int)
 .text._ZN10ILI9341_T413ILI9341Driver19_fetchbits_unsignedEPKhmm
                0x0000d890       0x30 .pio\build\teensy41\lib0ea\libILI9341_T4.a(ILI9341Driver.cpp.o)
                0x0000d890                ILI9341_T4::ILI9341Driver::_fetchbits_unsigned(unsigned char const*, unsigned long, unsigned long)
 .text._ZN10ILI9341_T413ILI9341Driver7_clipitERiS1_S1_S1_S1_S1_ii
                0x0000d8c0       0x94 .pio\build\teensy41\lib0ea\libILI9341_T4.a(ILI9341Driver.cpp.o)
                0x0000d8c0                ILI9341_T4::ILI9341Driver::_clipit(int&, int&, int&, int&, int&, int&, int, int)
 .text._ZN10ILI9341_T413ILI9341Driver9_endframeEv
                0x0000d954      0x2dc .pio\build\teensy41\lib0ea\libILI9341_T4.a(ILI9341Driver.cpp.o)
                0x0000d954                ILI9341_T4::ILI9341Driver::_endframe()
 .text._ZN10ILI9341_T413ILI9341Driver11_besttwoavgEsss
                0x0000dc30       0x70 .pio\build\teensy41\lib0ea\libILI9341_T4.a(ILI9341Driver.cpp.o)
                0x0000dc30                ILI9341_T4::ILI9341Driver::_besttwoavg(short, short, short)
 .text._ZN10ILI9341_T413ILI9341Driver13_updateTouch2Ev
                0x0000dca0      0x250 .pio\build\teensy41\lib0ea\libILI9341_T4.a(ILI9341Driver.cpp.o)
                0x0000dca0                ILI9341_T4::ILI9341Driver::_updateTouch2()
 .text._ZN10ILI9341_T413ILI9341Driver26_spiInterruptSPI2_hardwareEv
                0x0000def0       0x44 .pio\build\teensy41\lib0ea\libILI9341_T4.a(ILI9341Driver.cpp.o)
                0x0000def0                ILI9341_T4::ILI9341Driver::_spiInterruptSPI2_hardware()
 .text._ZN10ILI9341_T413ILI9341Driver26_spiInterruptSPI1_hardwareEv
                0x0000df34       0x44 .pio\build\teensy41\lib0ea\libILI9341_T4.a(ILI9341Driver.cpp.o)
                0x0000df34                ILI9341_T4::ILI9341Driver::_spiInterruptSPI1_hardware()
 .text._ZN10ILI9341_T413ILI9341Driver26_spiInterruptSPI0_hardwareEv
                0x0000df78       0x44 .pio\build\teensy41\lib0ea\libILI9341_T4.a(ILI9341Driver.cpp.o)
                0x0000df78                ILI9341_T4::ILI9341Driver::_spiInterruptSPI0_hardware()
 .text._ZN10ILI9341_T413ILI9341Driver21_dmaInterruptSPI0DiffEv
                0x0000dfbc       0x4c .pio\build\teensy41\lib0ea\libILI9341_T4.a(ILI9341Driver.cpp.o)
                0x0000dfbc                ILI9341_T4::ILI9341Driver::_dmaInterruptSPI0Diff()
 .text._ZN10ILI9341_T413ILI9341Driver21_dmaInterruptSPI1DiffEv
                0x0000e008       0x4c .pio\build\teensy41\lib0ea\libILI9341_T4.a(ILI9341Driver.cpp.o)
                0x0000e008                ILI9341_T4::ILI9341Driver::_dmaInterruptSPI1Diff()
 .text._ZN10ILI9341_T413ILI9341Driver21_dmaInterruptSPI2DiffEv
                0x0000e054       0x4c .pio\build\teensy41\lib0ea\libILI9341_T4.a(ILI9341Driver.cpp.o)
                0x0000e054                ILI9341_T4::ILI9341Driver::_dmaInterruptSPI2Diff()
 .text._ZN10ILI9341_T413ILI9341Driver12_updateTouchEv
                0x0000e0a0       0x50 .pio\build\teensy41\lib0ea\libILI9341_T4.a(ILI9341Driver.cpp.o)
                0x0000e0a0                ILI9341_T4::ILI9341Driver::_updateTouch()
 .text._ZN11TouchScreen8getPointEv
                0x0000e0f0      0x1b0 .pio\build\teensy41\libd73\libTouchScreen.a(TouchScreen.cpp.o)
                0x0000e0f0                TouchScreen::getPoint()
 .text._ZN11TouchScreenC2Ehhhht
                0x0000e2a0       0x5c .pio\build\teensy41\libd73\libTouchScreen.a(TouchScreen.cpp.o)
                0x0000e2a0                TouchScreen::TouchScreen(unsigned char, unsigned char, unsigned char, unsigned char, unsigned short)
                0x0000e2a0                TouchScreen::TouchScreen(unsigned char, unsigned char, unsigned char, unsigned char, unsigned short)
 .text._ZN11AudioStream10update_allEv
                0x0000e2fc        0xc .pio\build\teensy41\libFrameworkArduino.a(AudioStream.cpp.o)
                0x0000e2fc                AudioStream::update_all()
 .text._Z12software_isrv
                0x0000e308       0x64 .pio\build\teensy41\libFrameworkArduino.a(AudioStream.cpp.o)
                0x0000e308                software_isr()
 .text._ZN11AudioStream8allocateEv
                0x0000e36c       0xac .pio\build\teensy41\libFrameworkArduino.a(AudioStream.cpp.o)
                0x0000e36c                AudioStream::allocate()
 .text._ZN11AudioStream7releaseEP18audio_block_struct
                0x0000e418       0x50 .pio\build\teensy41\libFrameworkArduino.a(AudioStream.cpp.o)
                0x0000e418                AudioStream::release(audio_block_struct*)
 .text._ZN11AudioStream8transmitEP18audio_block_structh
                0x0000e468       0x48 .pio\build\teensy41\libFrameworkArduino.a(AudioStream.cpp.o)
                0x0000e468                AudioStream::transmit(audio_block_struct*, unsigned char)
 .text._ZN11AudioStream15receiveReadOnlyEj
                0x0000e4b0       0x18 .pio\build\teensy41\libFrameworkArduino.a(AudioStream.cpp.o)
                0x0000e4b0                AudioStream::receiveReadOnly(unsigned int)
 .text._ZN15AudioConnectionC2Ev
                0x0000e4c8       0x18 .pio\build\teensy41\libFrameworkArduino.a(AudioStream.cpp.o)
                0x0000e4c8                AudioConnection::AudioConnection()
                0x0000e4c8                AudioConnection::AudioConnection()
 .text._ZN15AudioConnection7connectEv